Archive member included to satisfy reference by file (symbol)

D:/STM32CubeIDE_1.12.1/STM32CubeIDE/plugins/com.st.stm32cube.ide.mcu.externaltools.gnu-tools-for-stm32.11.3.rel1.win32_1.1.100.202309141235/tools/bin/../lib/gcc/arm-none-eabi/11.3.1/../../../../arm-none-eabi/lib/thumb/v7e-m+fp/hard\libc_nano.a(libc_a-assert.o)
                              ./Core/Src/mbrtu.o (__assert_func)
D:/STM32CubeIDE_1.12.1/STM32CubeIDE/plugins/com.st.stm32cube.ide.mcu.externaltools.gnu-tools-for-stm32.11.3.rel1.win32_1.1.100.202309141235/tools/bin/../lib/gcc/arm-none-eabi/11.3.1/../../../../arm-none-eabi/lib/thumb/v7e-m+fp/hard\libc_nano.a(libc_a-calloc.o)
                              ./Modules/iec60870/hal/memory/lib_memory.o (calloc)
D:/STM32CubeIDE_1.12.1/STM32CubeIDE/plugins/com.st.stm32cube.ide.mcu.externaltools.gnu-tools-for-stm32.11.3.rel1.win32_1.1.100.202309141235/tools/bin/../lib/gcc/arm-none-eabi/11.3.1/../../../../arm-none-eabi/lib/thumb/v7e-m+fp/hard\libc_nano.a(libc_a-callocr.o)
                              D:/STM32CubeIDE_1.12.1/STM32CubeIDE/plugins/com.st.stm32cube.ide.mcu.externaltools.gnu-tools-for-stm32.11.3.rel1.win32_1.1.100.202309141235/tools/bin/../lib/gcc/arm-none-eabi/11.3.1/../../../../arm-none-eabi/lib/thumb/v7e-m+fp/hard\libc_nano.a(libc_a-calloc.o) (_calloc_r)
D:/STM32CubeIDE_1.12.1/STM32CubeIDE/plugins/com.st.stm32cube.ide.mcu.externaltools.gnu-tools-for-stm32.11.3.rel1.win32_1.1.100.202309141235/tools/bin/../lib/gcc/arm-none-eabi/11.3.1/../../../../arm-none-eabi/lib/thumb/v7e-m+fp/hard\libc_nano.a(libc_a-exit.o)
                              D:/STM32CubeIDE_1.12.1/STM32CubeIDE/plugins/com.st.stm32cube.ide.mcu.externaltools.gnu-tools-for-stm32.11.3.rel1.win32_1.1.100.202309141235/tools/bin/../lib/gcc/arm-none-eabi/11.3.1/../../../../arm-none-eabi/lib/thumb/v7e-m+fp/hard/crt0.o (exit)
D:/STM32CubeIDE_1.12.1/STM32CubeIDE/plugins/com.st.stm32cube.ide.mcu.externaltools.gnu-tools-for-stm32.11.3.rel1.win32_1.1.100.202309141235/tools/bin/../lib/gcc/arm-none-eabi/11.3.1/../../../../arm-none-eabi/lib/thumb/v7e-m+fp/hard\libc_nano.a(libc_a-malloc.o)
                              ./Modules/iec60870/hal/memory/lib_memory.o (malloc)
D:/STM32CubeIDE_1.12.1/STM32CubeIDE/plugins/com.st.stm32cube.ide.mcu.externaltools.gnu-tools-for-stm32.11.3.rel1.win32_1.1.100.202309141235/tools/bin/../lib/gcc/arm-none-eabi/11.3.1/../../../../arm-none-eabi/lib/thumb/v7e-m+fp/hard\libc_nano.a(libc_a-mallocr.o)
                              D:/STM32CubeIDE_1.12.1/STM32CubeIDE/plugins/com.st.stm32cube.ide.mcu.externaltools.gnu-tools-for-stm32.11.3.rel1.win32_1.1.100.202309141235/tools/bin/../lib/gcc/arm-none-eabi/11.3.1/../../../../arm-none-eabi/lib/thumb/v7e-m+fp/hard\libc_nano.a(libc_a-callocr.o) (_malloc_r)
D:/STM32CubeIDE_1.12.1/STM32CubeIDE/plugins/com.st.stm32cube.ide.mcu.externaltools.gnu-tools-for-stm32.11.3.rel1.win32_1.1.100.202309141235/tools/bin/../lib/gcc/arm-none-eabi/11.3.1/../../../../arm-none-eabi/lib/thumb/v7e-m+fp/hard\libc_nano.a(libc_a-mlock.o)
                              D:/STM32CubeIDE_1.12.1/STM32CubeIDE/plugins/com.st.stm32cube.ide.mcu.externaltools.gnu-tools-for-stm32.11.3.rel1.win32_1.1.100.202309141235/tools/bin/../lib/gcc/arm-none-eabi/11.3.1/../../../../arm-none-eabi/lib/thumb/v7e-m+fp/hard\libc_nano.a(libc_a-mallocr.o) (__malloc_lock)
D:/STM32CubeIDE_1.12.1/STM32CubeIDE/plugins/com.st.stm32cube.ide.mcu.externaltools.gnu-tools-for-stm32.11.3.rel1.win32_1.1.100.202309141235/tools/bin/../lib/gcc/arm-none-eabi/11.3.1/../../../../arm-none-eabi/lib/thumb/v7e-m+fp/hard\libc_nano.a(libc_a-realloc.o)
                              ./Modules/iec60870/hal/memory/lib_memory.o (realloc)
D:/STM32CubeIDE_1.12.1/STM32CubeIDE/plugins/com.st.stm32cube.ide.mcu.externaltools.gnu-tools-for-stm32.11.3.rel1.win32_1.1.100.202309141235/tools/bin/../lib/gcc/arm-none-eabi/11.3.1/../../../../arm-none-eabi/lib/thumb/v7e-m+fp/hard\libc_nano.a(libc_a-reallocr.o)
                              D:/STM32CubeIDE_1.12.1/STM32CubeIDE/plugins/com.st.stm32cube.ide.mcu.externaltools.gnu-tools-for-stm32.11.3.rel1.win32_1.1.100.202309141235/tools/bin/../lib/gcc/arm-none-eabi/11.3.1/../../../../arm-none-eabi/lib/thumb/v7e-m+fp/hard\libc_nano.a(libc_a-realloc.o) (_realloc_r)
D:/STM32CubeIDE_1.12.1/STM32CubeIDE/plugins/com.st.stm32cube.ide.mcu.externaltools.gnu-tools-for-stm32.11.3.rel1.win32_1.1.100.202309141235/tools/bin/../lib/gcc/arm-none-eabi/11.3.1/../../../../arm-none-eabi/lib/thumb/v7e-m+fp/hard\libc_nano.a(libc_a-strtoul.o)
                              ./Modules/iec60870/cs104/cs104_slave.o (strtoul)
D:/STM32CubeIDE_1.12.1/STM32CubeIDE/plugins/com.st.stm32cube.ide.mcu.externaltools.gnu-tools-for-stm32.11.3.rel1.win32_1.1.100.202309141235/tools/bin/../lib/gcc/arm-none-eabi/11.3.1/../../../../arm-none-eabi/lib/thumb/v7e-m+fp/hard\libc_nano.a(libc_a-ctype_.o)
[...]
Memory Configuration

Name             Origin             Length             Attributes
RAM              0x0000000020000000 0x0000000000010000 xrw
FLASH            0x0000000008000000 0x0000000000040000 xr
*default*        0x0000000000000000 0xffffffffffffffff

Linker script and memory map

LOAD D:/STM32CubeIDE_1.12.1/STM32CubeIDE/plugins/com.st.stm32cube.ide.mcu.externaltools.gnu-tools-for-stm32.11.3.rel1.win32_1.1.100.202309141235/tools/bin/../lib/gcc/arm-none-eabi/11.3.1/thumb/v7e-m+fp/hard/crti.o
LOAD D:/STM32CubeIDE_1.12.1/STM32CubeIDE/plugins/com.st.stm32cube.ide.mcu.externaltools.gnu-tools-for-stm32.11.3.rel1.win32_1.1.100.202309141235/tools/bin/../lib/gcc/arm-none-eabi/11.3.1/thumb/v7e-m+fp/hard/crtbegin.o
LOAD D:/STM32CubeIDE_1.12.1/STM32CubeIDE/plugins/com.st.stm32cube.ide.mcu.externaltools.gnu-tools-for-stm32.11.3.rel1.win32_1.1.100.202309141235/tools/bin/../lib/gcc/arm-none-eabi/11.3.1/../../../../arm-none-eabi/lib/thumb/v7e-m+fp/hard/crt0.o
LOAD ./Core/Src/main.o
LOAD ./Core/Src/mb.o
LOAD ./Core/Src/mbascii.o
LOAD ./Core/Src/mbcrc.o
LOAD ./Core/Src/mbfunccoils.o
LOAD ./Core/Src/mbfuncdiag.o
LOAD ./Core/Src/mbfuncdisc.o
LOAD ./Core/Src/mbfuncholding.o
LOAD ./Core/Src/mbfuncinput.o
LOAD ./Core/Src/mbfuncother.o
LOAD ./Core/Src/mbrtu.o
LOAD ./Core/Src/mbtcp.o
LOAD ./Core/Src/mbutils.o
LOAD ./Core/Src/mt_port.o
LOAD ./Core/Src/portevent.o
LOAD ./Core/Src/portserial.o
LOAD ./Core/Src/porttimer.o
LOAD ./Core/Src/stm32f4xx_hal_msp.o
LOAD ./Core/Src/stm32f4xx_it.o
LOAD ./Core/Src/syscalls.o
LOAD ./Core/Src/sysmem.o
LOAD ./Core/Src/system_stm32f4xx.o
LOAD ./Core/Startup/startup_stm32f401ccux.o
LOAD ./Drivers/BSP/Components/M24xx/m24xx.o
LOAD ./Drivers/STM32F4xx_HAL_Driver/Src/stm32f4xx_hal.o
LOAD ./Drivers/STM32F4xx_HAL_Driver/Src/stm32f4xx_hal_cortex.o
LOAD ./Drivers/STM32F4xx_HAL_Driver/Src/stm32f4xx_hal_dma.o
LOAD ./Drivers/STM32F4xx_HAL_Driver/Src/stm32f4xx_hal_dma_ex.o
LOAD ./Drivers/STM32F4xx_HAL_Driver/Src/stm32f4xx_hal_exti.o
LOAD ./Drivers/STM32F4xx_HAL_Driver/Src/stm32f4xx_hal_flash.o
LOAD ./Drivers/STM32F4xx_HAL_Driver/Src/stm32f4xx_hal_flash_ex.o
LOAD ./Drivers/STM32F4xx_HAL_Driver/Src/stm32f4xx_hal_flash_ramfunc.o
LOAD ./Drivers/STM32F4xx_HAL_Driver/Src/stm32f4xx_hal_gpio.o
LOAD ./Drivers/STM32F4xx_HAL_Driver/Src/stm32f4xx_hal_pwr.o
LOAD ./Drivers/STM32F4xx_HAL_Driver/Src/stm32f4xx_hal_pwr_ex.o
LOAD ./Drivers/STM32F4xx_HAL_Driver/Src/stm32f4xx_hal_rcc.o
LOAD ./Drivers/STM32F4xx_HAL_Driver/Src/stm32f4xx_hal_rcc_ex.o
LOAD ./Drivers/STM32F4xx_HAL_Driver/Src/stm32f4xx_hal_rtc.o
LOAD ./Drivers/STM32F4xx_HAL_Driver/Src/stm32f4xx_hal_rtc_ex.o
LOAD ./Drivers/STM32F4xx_HAL_Driver/Src/stm32f4xx_hal_tim.o
LOAD ./Drivers/STM32F4xx_HAL_Driver/Src/stm32f4xx_hal_tim_ex.o
LOAD ./Drivers/STM32F4xx_HAL_Driver/Src/stm32f4xx_hal_uart.o
LOAD ./Modules/iec60870/apl/cpXXtime2a.o
LOAD ./Modules/iec60870/common/linked_list.o
LOAD ./Modules/iec60870/cs101/cs101_asdu.o
LOAD ./Modules/iec60870/cs101/cs101_bcr.o
LOAD ./Modules/iec60870/cs101/cs101_information_objects.o
LOAD ./Modules/iec60870/cs101/cs101_master.o
LOAD ./Modules/iec60870/cs101/cs101_master_connection.o
LOAD ./Modules/iec60870/cs101/cs101_queue.o
LOAD ./Modules/iec60870/cs101/cs101_slave.o
LOAD ./Modules/iec60870/cs104/cs104_connection.o
LOAD ./Modules/iec60870/cs104/cs104_frame.o
LOAD ./Modules/iec60870/cs104/cs104_slave.o
LOAD ./Modules/iec60870/file-service/file_server.o
LOAD ./Modules/iec60870/frame.o
LOAD ./Modules/iec60870/lib60870_common.o
LOAD ./Modules/iec60870/hal/memory/lib_memory.o
LOAD ./Modules/iec60870/hal/serial/win32/iec101_arm_port.o
LOAD ./Modules/iec60870/link_layer/buffer_frame.o
LOAD ./Modules/iec60870/link_layer/link_layer.o
LOAD ./Modules/iec60870/link_layer/serial_transceiver_ft_1_2.o
START GROUP
LOAD D:/STM32CubeIDE_1.12.1/STM32CubeIDE/plugins/com.st.stm32cube.ide.mcu.externaltools.gnu-tools-for-stm32.11.3.rel1.win32_1.1.100.202309141235/tools/bin/../lib/gcc/arm-none-eabi/11.3.1/../../../../arm-none-eabi/lib/thumb/v7e-m+fp/hard\libc_nano.a
LOAD D:/STM32CubeIDE_1.12.1/STM32CubeIDE/plugins/com.st.stm32cube.ide.mcu.externaltools.gnu-tools-for-stm32.11.3.rel1.win32_1.1.100.202309141235/tools/bin/../lib/gcc/arm-none-eabi/11.3.1/../../../../arm-none-eabi/lib/thumb/v7e-m+fp/hard\libm.a
END GROUP
START GROUP
LOAD D:/STM32CubeIDE_1.12.1/STM32CubeIDE/plugins/com.st.stm32cube.ide.mcu.externaltools.gnu-tools-for-stm32.11.3.rel1.win32_1.1.100.202309141235/tools/bin/../lib/gcc/arm-none-eabi/11.3.1/thumb/v7e-m+fp/hard\libgcc.a
LOAD D:/STM32CubeIDE_1.12.1/STM32CubeIDE/plugins/com.st.stm32cube.ide.mcu.externaltools.gnu-tools-for-stm32.11.3.rel1.win32_1.1.100.202309141235/tools/bin/../lib/gcc/arm-none-eabi/11.3.1/../../../../arm-none-eabi/lib/thumb/v7e-m+fp/hard\libc_nano.a
END GROUP
START GROUP
LOAD D:/STM32CubeIDE_1.12.1/STM32CubeIDE/plugins/com.st.stm32cube.ide.mcu.externaltools.gnu-tools-for-stm32.11.3.rel1.win32_1.1.100.202309141235/tools/bin/../lib/gcc/arm-none-eabi/11.3.1/thumb/v7e-m+fp/hard\libgcc.a
LOAD D:/STM32CubeIDE_1.12.1/STM32CubeIDE/plugins/com.st.stm32cube.ide.mcu.externaltools.gnu-tools-for-stm32.11.3.rel1.win32_1.1.100.202309141235/tools/bin/../lib/gcc/arm-none-eabi/11.3.1/../../../../arm-none-eabi/lib/thumb/v7e-m+fp/hard\libc_nano.a
LOAD D:/STM32CubeIDE_1.12.1/STM32CubeIDE/plugins/com.st.stm32cube.ide.mcu.externaltools.gnu-tools-for-stm32.11.3.rel1.win32_1.1.100.202309141235/tools/bin/../lib/gcc/arm-none-eabi/11.3.1/../../../../arm-none-eabi/lib/thumb/v7e-m+fp/hard\libnosys.a
END GROUP
START GROUP
LOAD D:/STM32CubeIDE_1.12.1/STM32CubeIDE/plugins/com.st.stm32cube.ide.mcu.externaltools.gnu-tools-for-stm32.11.3.rel1.win32_1.1.100.202309141235/tools/bin/../lib/gcc/arm-none-eabi/11.3.1/thumb/v7e-m+fp/hard\libgcc.a
LOAD D:/STM32CubeIDE_1.12.1/STM32CubeIDE/plugins/com.st.stm32cube.ide.mcu.externaltools.gnu-tools-for-stm32.11.3.rel1.win32_1.1.100.202309141235/tools/bin/../lib/gcc/arm-none-eabi/11.3.1/../../../../arm-none-eabi/lib/thumb/v7e-m+fp/hard\libc_nano.a
LOAD D:/STM32CubeIDE_1.12.1/STM32CubeIDE/plugins/com.st.stm32cube.ide.mcu.externaltools.gnu-tools-for-stm32.11.3.rel1.win32_1.1.100.202309141235/tools/bin/../lib/gcc/arm-none-eabi/11.3.1/../../../../arm-none-eabi/lib/thumb/v7e-m+fp/hard\libnosys.a
END GROUP
LOAD D:/STM32CubeIDE_1.12.1/STM32CubeIDE/plugins/com.st.stm32cube.ide.mcu.externaltools.gnu-tools-for-stm32.11.3.rel1.win32_1.1.100.202309141235/tools/bin/../lib/gcc/arm-none-eabi/11.3.1/thumb/v7e-m+fp/hard/crtend.o
LOAD D:/STM32CubeIDE_1.12.1/STM32CubeIDE/plugins/com.st.stm32cube.ide.mcu.externaltools.gnu-tools-for-stm32.11.3.rel1.win32_1.1.100.202309141235/tools/bin/../lib/gcc/arm-none-eabi/11.3.1/thumb/v7e-m+fp/hard/crtn.o
                0x0000000020010000                _estack = (ORIGIN (RAM) + LENGTH (RAM))
                0x0000000000000200                _Min_Heap_Size = 0x200
                0x0000000000000400                _Min_Stack_Size = 0x400

.isr_vector     0x0000000008000000      0x194
                0x0000000008000000                . = ALIGN (0x4)
 *(.isr_vector)
 .isr_vector    0x0000000008000000      0x194 ./Core/Startup/startup_stm32f401ccux.o
                0x0000000008000000                g_pfnVectors
                0x0000000008000194                . = ALIGN (0x4)

.text           0x00000000080001a0     0x6dc4
                0x00000000080001a0                . = ALIGN (0x4)
 *(.text)
 .text          0x00000000080001a0       0x40 D:/STM32CubeIDE_1.12.1/STM32CubeIDE/plugins/com.st.stm32cube.ide.mcu.externaltools.gnu-tools-for-stm32.11.3.rel1.win32_1.1.100.202309141235/tools/bin/../lib/gcc/arm-none-eabi/11.3.1/thumb/v7e-m+fp/hard/crtbegin.o
 .text          0x00000000080001e0       0xa0 D:/STM32CubeIDE_1.12.1/STM32CubeIDE/plugins/com.st.stm32cube.ide.mcu.externaltools.gnu-tools-for-stm32.11.3.rel1.win32_1.1.100.202309141235/tools/bin/../lib/gcc/arm-none-eabi/11.3.1/../../../../arm-none-eabi/lib/thumb/v7e-m+fp/hard\libc_nano.a(libc_a-memchr.o)
                0x00000000080001e0                memchr
 .text          0x0000000008000280      0x254 D:/STM32CubeIDE_1.12.1/STM32CubeIDE/plugins/com.st.stm32cube.ide.mcu.externaltools.gnu-tools-for-stm32.11.3.rel1.win32_1.1.100.202309141235/tools/bin/../lib/gcc/arm-none-eabi/11.3.1/thumb/v7e-m+fp/hard\libgcc.a(_arm_muldf3.o)
                0x0000000008000280                __muldf3
                0x0000000008000280                __aeabi_dmul
 .text          0x00000000080004d4      0x378 D:/STM32CubeIDE_1.12.1/STM32CubeIDE/plugins/com.st.stm32cube.ide.mcu.externaltools.gnu-tools-for-stm32.11.3.rel1.win32_1.1.100.202309141235/tools/bin/../lib/gcc/arm-none-eabi/11.3.1/thumb/v7e-m+fp/hard\libgcc.a(_arm_addsubdf3.o)
                0x00000000080004d4                __aeabi_drsub
                0x00000000080004dc                __aeabi_dsub
                0x00000000080004dc                __subdf3
                0x00000000080004e0                __aeabi_dadd
                0x00000000080004e0                __adddf3
                0x0000000008000758                __floatunsidf
                0x0000000008000758                __aeabi_ui2d
                0x0000000008000778                __floatsidf
                0x0000000008000778                __aeabi_i2d
                0x000000000800079c                __aeabi_f2d
                0x000000000800079c                __extendsfdf2
                0x00000000080007e0                __floatundidf
                0x00000000080007e0                __aeabi_ul2d
                0x00000000080007f0                __floatdidf
                0x00000000080007f0                __aeabi_l2d
 .text          0x000000000800084c       0x40 D:/STM32CubeIDE_1.12.1/STM32CubeIDE/plugins/com.st.stm32cube.ide.mcu.externaltools.gnu-tools-for-stm32.11.3.rel1.win32_1.1.100.202309141235/tools/bin/../lib/gcc/arm-none-eabi/11.3.1/thumb/v7e-m+fp/hard\libgcc.a(_arm_fixunsdfsi.o)
                0x000000000800084c                __aeabi_d2uiz
                0x000000000800084c                __fixunsdfsi
 .text          0x000000000800088c       0x30 D:/STM32CubeIDE_1.12.1/STM32CubeIDE/plugins/com.st.stm32cube.ide.mcu.externaltools.gnu-tools-for-stm32.11.3.rel1.win32_1.1.100.202309141235/tools/bin/../lib/gcc/arm-none-eabi/11.3.1/thumb/v7e-m+fp/hard\libgcc.a(_aeabi_uldivmod.o)
                0x000000000800088c                __aeabi_uldivmod
 .text          0x00000000080008bc      0x2c8 D:/STM32CubeIDE_1.12.1/STM32CubeIDE/plugins/com.st.stm32cube.ide.mcu.externaltools.gnu-tools-for-stm32.11.3.rel1.win32_1.1.100.202309141235/tools/bin/../lib/gcc/arm-none-eabi/11.3.1/thumb/v7e-m+fp/hard\libgcc.a(_udivmoddi4.o)
                0x00000000080008bc                __udivmoddi4
 .text          0x0000000008000b84        0x4 D:/STM32CubeIDE_1.12.1/STM32CubeIDE/plugins/com.st.stm32cube.ide.mcu.externaltools.gnu-tools-for-stm32.11.3.rel1.win32_1.1.100.202309141235/tools/bin/../lib/gcc/arm-none-eabi/11.3.1/thumb/v7e-m+fp/hard\libgcc.a(_dvmd_tls.o)
                0x0000000008000b84                __aeabi_idiv0
                0x0000000008000b84                __aeabi_ldiv0
 *(.text*)
 .text.main     0x0000000008000b88       0x7c ./Core/Src/main.o
                0x0000000008000b88                main
 .text.SystemClock_Config
                0x0000000008000c04       0xd8 ./Core/Src/main.o
                0x0000000008000c04                SystemClock_Config
 .text.MX_RTC_Init
                0x0000000008000cdc       0xb4 ./Core/Src/main.o
 .text.MX_TIM3_Init
                0x0000000008000d90       0x98 ./Core/Src/main.o
 .text.MX_USART1_UART_Init
                0x0000000008000e28       0x54 ./Core/Src/main.o
 .text.MX_USART2_UART_Init
                0x0000000008000e7c       0x54 ./Core/Src/main.o
 .text.MX_GPIO_Init
                0x0000000008000ed0      0x14c ./Core/Src/main.o
 .text.HAL_GPIO_EXTI_Callback
                0x000000000800101c       0xfc ./Core/Src/main.o
                0x000000000800101c                HAL_GPIO_EXTI_Callback
 .text.eMBRegInputCB
                0x0000000008001118       0x1e ./Core/Src/main.o
                0x0000000008001118                eMBRegInputCB
 *fill*         0x0000000008001136        0x2 
 .text.eMBRegHoldingCB
                0x0000000008001138      0x274 ./Core/Src/main.o
                0x0000000008001138                eMBRegHoldingCB
 .text.eMBRegCoilsCB
                0x00000000080013ac       0xf0 ./Core/Src/main.o
                0x00000000080013ac                eMBRegCoilsCB
 .text.eMBRegDiscreteCB
                0x000000000800149c       0x9c ./Core/Src/main.o
                0x000000000800149c                eMBRegDiscreteCB
 .text.Error_Handler
                0x0000000008001538        0xa ./Core/Src/main.o
                0x0000000008001538                Error_Handler
 *fill*         0x0000000008001542        0x2 
 .text.eMBInit  0x0000000008001544       0xf8 ./Core/Src/mb.o
                0x0000000008001544                eMBInit
 .text.eMBEnable
                0x000000000800163c       0x38 ./Core/Src/mb.o
                0x000000000800163c                eMBEnable
 .text.eMBPoll  0x0000000008001674      0x174 ./Core/Src/mb.o
                0x0000000008001674                eMBPoll
 .text.usMBCRC16
                0x00000000080017e8       0x6c ./Core/Src/mbcrc.o
                0x00000000080017e8                usMBCRC16
 .text.eMBFuncReadCoils
                0x0000000008001854       0xfe ./Core/Src/mbfunccoils.o
                0x0000000008001854                eMBFuncReadCoils
 .text.eMBFuncWriteCoil
                0x0000000008001952       0xa6 ./Core/Src/mbfunccoils.o
                0x0000000008001952                eMBFuncWriteCoil
 .text.eMBFuncWriteMultipleCoils
                0x00000000080019f8       0xce ./Core/Src/mbfunccoils.o
                0x00000000080019f8                eMBFuncWriteMultipleCoils
 .text.eMBFuncReadDiscreteInputs
                0x0000000008001ac6       0xfe ./Core/Src/mbfuncdisc.o
                0x0000000008001ac6                eMBFuncReadDiscreteInputs
 .text.eMBFuncWriteHoldingRegister
                0x0000000008001bc4       0x6a ./Core/Src/mbfuncholding.o
                0x0000000008001bc4                eMBFuncWriteHoldingRegister
 .text.eMBFuncWriteMultipleHoldingRegister
                0x0000000008001c2e       0xb2 ./Core/Src/mbfuncholding.o
                0x0000000008001c2e                eMBFuncWriteMultipleHoldingRegister
 .text.eMBFuncReadHoldingRegister
                0x0000000008001ce0       0xde ./Core/Src/mbfuncholding.o
                0x0000000008001ce0                eMBFuncReadHoldingRegister
 .text.eMBFuncReadWriteMultipleHoldingRegister
                0x0000000008001dbe      0x154 ./Core/Src/mbfuncholding.o
                0x0000000008001dbe                eMBFuncReadWriteMultipleHoldingRegister
 .text.eMBFuncReadInputRegister
                0x0000000008001f12       0xe4 ./Core/Src/mbfuncinput.o
                0x0000000008001f12                eMBFuncReadInputRegister
 *fill*         0x0000000008001ff6        0x2 
 .text.eMBFuncReportSlaveID
                0x0000000008001ff8       0x38 ./Core/Src/mbfuncother.o
                0x0000000008001ff8                eMBFuncReportSlaveID
 .text.eMBRTUInit
                0x0000000008002030       0x78 ./Core/Src/mbrtu.o
                0x0000000008002030                eMBRTUInit
 .text.eMBRTUStart
                0x00000000080020a8       0x28 ./Core/Src/mbrtu.o
                0x00000000080020a8                eMBRTUStart
 .text.eMBRTUStop
                0x00000000080020d0       0x1c ./Core/Src/mbrtu.o
                0x00000000080020d0                eMBRTUStop
 .text.eMBRTUReceive
                0x00000000080020ec       0x94 ./Core/Src/mbrtu.o
                0x00000000080020ec                eMBRTUReceive
 .text.eMBRTUSend
                0x0000000008002180       0xc8 ./Core/Src/mbrtu.o
                0x0000000008002180                eMBRTUSend
 .text.xMBRTUReceiveFSM
                0x0000000008002248       0xd0 ./Core/Src/mbrtu.o
                0x0000000008002248                xMBRTUReceiveFSM
 .text.xMBRTUTransmitFSM
                0x0000000008002318       0xb0 ./Core/Src/mbrtu.o
                0x0000000008002318                xMBRTUTransmitFSM
 .text.xMBRTUTimerT35Expired
                0x00000000080023c8       0x8c ./Core/Src/mbrtu.o
                0x00000000080023c8                xMBRTUTimerT35Expired
 .text.prveMBError2Exception
                0x0000000008002454       0x44 ./Core/Src/mbutils.o
                0x0000000008002454                prveMBError2Exception
 .text.EnterCriticalSection
                0x0000000008002498       0x20 ./Core/Src/mt_port.o
                0x0000000008002498                EnterCriticalSection
 .text.ExitCriticalSection
                0x00000000080024b8       0x28 ./Core/Src/mt_port.o
                0x00000000080024b8                ExitCriticalSection
 .text.MT_PORT_SetTimerModule
                0x00000000080024e0       0x20 ./Core/Src/mt_port.o
                0x00000000080024e0                MT_PORT_SetTimerModule
 .text.MT_PORT_SetUartModule
                0x0000000008002500       0x20 ./Core/Src/mt_port.o
                0x0000000008002500                MT_PORT_SetUartModule
 .text.xMBPortEventInit
                0x0000000008002520       0x1c ./Core/Src/portevent.o
                0x0000000008002520                xMBPortEventInit
 .text.xMBPortEventPost
                0x000000000800253c       0x2c ./Core/Src/portevent.o
                0x000000000800253c                xMBPortEventPost
 .text.xMBPortEventGet
                0x0000000008002568       0x3c ./Core/Src/portevent.o
                0x0000000008002568                xMBPortEventGet
 .text.vMBPortSerialEnable
                0x00000000080025a4       0x64 ./Core/Src/portserial.o
                0x00000000080025a4                vMBPortSerialEnable
 .text.xMBPortSerialInit
                0x0000000008002608       0x26 ./Core/Src/portserial.o
                0x0000000008002608                xMBPortSerialInit
 *fill*         0x000000000800262e        0x2 
 .text.xMBPortSerialPutByte
                0x0000000008002630       0x30 ./Core/Src/portserial.o
                0x0000000008002630                xMBPortSerialPutByte
 .text.xMBPortSerialGetByte
                0x0000000008002660       0x30 ./Core/Src/portserial.o
                0x0000000008002660                xMBPortSerialGetByte
 .text.prvvUARTTxReadyISR
                0x0000000008002690       0x14 ./Core/Src/portserial.o
 .text.prvvUARTRxISR
                0x00000000080026a4       0x14 ./Core/Src/portserial.o
 .text.HAL_UART_TxCpltCallback
                0x00000000080026b8       0x28 ./Core/Src/portserial.o
                0x00000000080026b8                HAL_UART_TxCpltCallback
 .text.HAL_UART_RxCpltCallback
                0x00000000080026e0       0x28 ./Core/Src/portserial.o
                0x00000000080026e0                HAL_UART_RxCpltCallback
 .text.xMBPortTimersInit
                0x0000000008002708       0x24 ./Core/Src/porttimer.o
                0x0000000008002708                xMBPortTimersInit
 .text.vMBPortTimersEnable
                0x000000000800272c       0x20 ./Core/Src/porttimer.o
                0x000000000800272c                vMBPortTimersEnable
 .text.vMBPortTimersDisable
                0x000000000800274c       0x18 ./Core/Src/porttimer.o
                0x000000000800274c                vMBPortTimersDisable
 .text.prvvTIMERExpiredISR
                0x0000000008002764       0x14 ./Core/Src/porttimer.o
 .text.HAL_TIM_PeriodElapsedCallback
                0x0000000008002778       0x48 ./Core/Src/porttimer.o
                0x0000000008002778                HAL_TIM_PeriodElapsedCallback
 .text.HAL_MspInit
                0x00000000080027c0       0x50 ./Core/Src/stm32f4xx_hal_msp.o
                0x00000000080027c0                HAL_MspInit
 .text.HAL_RTC_MspInit
                0x0000000008002810       0x58 ./Core/Src/stm32f4xx_hal_msp.o
                0x0000000008002810                HAL_RTC_MspInit
 .text.HAL_TIM_Base_MspInit
                0x0000000008002868       0x50 ./Core/Src/stm32f4xx_hal_msp.o
                0x0000000008002868                HAL_TIM_Base_MspInit
 .text.HAL_UART_MspInit
                0x00000000080028b8      0x118 ./Core/Src/stm32f4xx_hal_msp.o
                0x00000000080028b8                HAL_UART_MspInit
 .text.NMI_Handler
                0x00000000080029d0        0x6 ./Core/Src/stm32f4xx_it.o
                0x00000000080029d0                NMI_Handler
 .text.HardFault_Handler
                0x00000000080029d6        0x6 ./Core/Src/stm32f4xx_it.o
                0x00000000080029d6                HardFault_Handler
 .text.MemManage_Handler
                0x00000000080029dc        0x6 ./Core/Src/stm32f4xx_it.o
                0x00000000080029dc                MemManage_Handler
 .text.BusFault_Handler
                0x00000000080029e2        0x6 ./Core/Src/stm32f4xx_it.o
                0x00000000080029e2                BusFault_Handler
 .text.UsageFault_Handler
                0x00000000080029e8        0x6 ./Core/Src/stm32f4xx_it.o
                0x00000000080029e8                UsageFault_Handler
 .text.SVC_Handler
                0x00000000080029ee        0xe ./Core/Src/stm32f4xx_it.o
                0x00000000080029ee                SVC_Handler
 .text.DebugMon_Handler
                0x00000000080029fc        0xe ./Core/Src/stm32f4xx_it.o
                0x00000000080029fc                DebugMon_Handler
 .text.PendSV_Handler
                0x0000000008002a0a        0xe ./Core/Src/stm32f4xx_it.o
                0x0000000008002a0a                PendSV_Handler
 .text.SysTick_Handler
                0x0000000008002a18        0xc ./Core/Src/stm32f4xx_it.o
                0x0000000008002a18                SysTick_Handler
 .text.EXTI0_IRQHandler
                0x0000000008002a24        0xe ./Core/Src/stm32f4xx_it.o
                0x0000000008002a24                EXTI0_IRQHandler
 .text.EXTI1_IRQHandler
                0x0000000008002a32        0xe ./Core/Src/stm32f4xx_it.o
                0x0000000008002a32                EXTI1_IRQHandler
 .text.EXTI2_IRQHandler
                0x0000000008002a40        0xe ./Core/Src/stm32f4xx_it.o
                0x0000000008002a40                EXTI2_IRQHandler
 .text.EXTI4_IRQHandler
                0x0000000008002a4e        0xe ./Core/Src/stm32f4xx_it.o
                0x0000000008002a4e                EXTI4_IRQHandler
 .text.EXTI9_5_IRQHandler
                0x0000000008002a5c       0x1a ./Core/Src/stm32f4xx_it.o
                0x0000000008002a5c                EXTI9_5_IRQHandler
 *fill*         0x0000000008002a76        0x2 
 .text.TIM3_IRQHandler
                0x0000000008002a78       0x14 ./Core/Src/stm32f4xx_it.o
                0x0000000008002a78                TIM3_IRQHandler
 .text.USART1_IRQHandler
                0x0000000008002a8c       0x14 ./Core/Src/stm32f4xx_it.o
                0x0000000008002a8c                USART1_IRQHandler
 .text.USART2_IRQHandler
                0x0000000008002aa0       0x14 ./Core/Src/stm32f4xx_it.o
                0x0000000008002aa0                USART2_IRQHandler
 .text._getpid  0x0000000008002ab4       0x10 ./Core/Src/syscalls.o
                0x0000000008002ab4                _getpid
 .text._kill    0x0000000008002ac4       0x20 ./Core/Src/syscalls.o
                0x0000000008002ac4                _kill
 .text._exit    0x0000000008002ae4       0x14 ./Core/Src/syscalls.o
                0x0000000008002ae4                _exit
 .text._read    0x0000000008002af8       0x3a ./Core/Src/syscalls.o
                0x0000000008002af8                _read
 .text._write   0x0000000008002b32       0x38 ./Core/Src/syscalls.o
                0x0000000008002b32                _write
 .text._close   0x0000000008002b6a       0x18 ./Core/Src/syscalls.o
                0x0000000008002b6a                _close
 .text._fstat   0x0000000008002b82       0x20 ./Core/Src/syscalls.o
                0x0000000008002b82                _fstat
 .text._isatty  0x0000000008002ba2       0x16 ./Core/Src/syscalls.o
                0x0000000008002ba2                _isatty
 .text._lseek   0x0000000008002bb8       0x1a ./Core/Src/syscalls.o
                0x0000000008002bb8                _lseek
 *fill*         0x0000000008002bd2        0x2 
 .text._sbrk    0x0000000008002bd4       0x6c ./Core/Src/sysmem.o
                0x0000000008002bd4                _sbrk
 .text.SystemInit
                0x0000000008002c40       0x24 ./Core/Src/system_stm32f4xx.o
                0x0000000008002c40                SystemInit
 .text.Reset_Handler
                0x0000000008002c64       0x50 ./Core/Startup/startup_stm32f401ccux.o
                0x0000000008002c64                Reset_Handler
 .text.Default_Handler
                0x0000000008002cb4        0x2 ./Core/Startup/startup_stm32f401ccux.o
                0x0000000008002cb4                RTC_Alarm_IRQHandler
                0x0000000008002cb4                SPI4_IRQHandler
                0x0000000008002cb4                TIM1_CC_IRQHandler
                0x0000000008002cb4                DMA2_Stream5_IRQHandler
                0x0000000008002cb4                DMA1_Stream5_IRQHandler
                0x0000000008002cb4                PVD_IRQHandler
                0x0000000008002cb4                SDIO_IRQHandler
                0x0000000008002cb4                TAMP_STAMP_IRQHandler
                0x0000000008002cb4                EXTI3_IRQHandler
                0x0000000008002cb4                TIM1_UP_TIM10_IRQHandler
                0x0000000008002cb4                I2C3_ER_IRQHandler
                0x0000000008002cb4                I2C2_EV_IRQHandler
                0x0000000008002cb4                DMA1_Stream2_IRQHandler
                0x0000000008002cb4                FPU_IRQHandler
                0x0000000008002cb4                DMA2_Stream2_IRQHandler
                0x0000000008002cb4                SPI1_IRQHandler
                0x0000000008002cb4                TIM1_BRK_TIM9_IRQHandler
                0x0000000008002cb4                DMA2_Stream3_IRQHandler
                0x0000000008002cb4                USART6_IRQHandler
                0x0000000008002cb4                DMA2_Stream0_IRQHandler
                0x0000000008002cb4                TIM4_IRQHandler
                0x0000000008002cb4                I2C1_EV_IRQHandler
                0x0000000008002cb4                DMA1_Stream6_IRQHandler
                0x0000000008002cb4                DMA1_Stream1_IRQHandler
                0x0000000008002cb4                RCC_IRQHandler
                0x0000000008002cb4                Default_Handler
                0x0000000008002cb4                EXTI15_10_IRQHandler
                0x0000000008002cb4                ADC_IRQHandler
                0x0000000008002cb4                DMA1_Stream7_IRQHandler
                0x0000000008002cb4                TIM5_IRQHandler
                0x0000000008002cb4                DMA2_Stream7_IRQHandler
                0x0000000008002cb4                I2C3_EV_IRQHandler
                0x0000000008002cb4                RTC_WKUP_IRQHandler
                0x0000000008002cb4                SPI2_IRQHandler
                0x0000000008002cb4                DMA1_Stream0_IRQHandler
                0x0000000008002cb4                WWDG_IRQHandler
                0x0000000008002cb4                TIM2_IRQHandler
                0x0000000008002cb4                OTG_FS_WKUP_IRQHandler
                0x0000000008002cb4                TIM1_TRG_COM_TIM11_IRQHandler
                0x0000000008002cb4                I2C2_ER_IRQHandler
                0x0000000008002cb4                DMA2_Stream1_IRQHandler
                0x0000000008002cb4                FLASH_IRQHandler
                0x0000000008002cb4                DMA2_Stream4_IRQHandler
                0x0000000008002cb4                OTG_FS_IRQHandler
                0x0000000008002cb4                SPI3_IRQHandler
                0x0000000008002cb4                DMA1_Stream4_IRQHandler
                0x0000000008002cb4                I2C1_ER_IRQHandler
                0x0000000008002cb4                DMA2_Stream6_IRQHandler
                0x0000000008002cb4                DMA1_Stream3_IRQHandler
 *fill*         0x0000000008002cb6        0x2 
 .text.HAL_Init
                0x0000000008002cb8       0x44 ./Drivers/STM32F4xx_HAL_Driver/Src/stm32f4xx_hal.o
                0x0000000008002cb8                HAL_Init
 .text.HAL_InitTick
                0x0000000008002cfc       0x60 ./Drivers/STM32F4xx_HAL_Driver/Src/stm32f4xx_hal.o
                0x0000000008002cfc                HAL_InitTick
 .text.HAL_IncTick
                0x0000000008002d5c       0x28 ./Drivers/STM32F4xx_HAL_Driver/Src/stm32f4xx_hal.o
                0x0000000008002d5c                HAL_IncTick
 .text.HAL_GetTick
                0x0000000008002d84       0x18 ./Drivers/STM32F4xx_HAL_Driver/Src/stm32f4xx_hal.o
                0x0000000008002d84                HAL_GetTick
 .text.__NVIC_SetPriorityGrouping
                0x0000000008002d9c       0x48 ./Drivers/STM32F4xx_HAL_Driver/Src/stm32f4xx_hal_cortex.o
 .text.__NVIC_GetPriorityGrouping
                0x0000000008002de4       0x1c ./Drivers/STM32F4xx_HAL_Driver/Src/stm32f4xx_hal_cortex.o
 .text.__NVIC_EnableIRQ
                0x0000000008002e00       0x3c ./Drivers/STM32F4xx_HAL_Driver/Src/stm32f4xx_hal_cortex.o
 .text.__NVIC_SetPriority
                0x0000000008002e3c       0x54 ./Drivers/STM32F4xx_HAL_Driver/Src/stm32f4xx_hal_cortex.o
 .text.NVIC_EncodePriority
                0x0000000008002e90       0x66 ./Drivers/STM32F4xx_HAL_Driver/Src/stm32f4xx_hal_cortex.o
 *fill*         0x0000000008002ef6        0x2 
 .text.SysTick_Config
                0x0000000008002ef8       0x44 ./Drivers/STM32F4xx_HAL_Driver/Src/stm32f4xx_hal_cortex.o
 .text.HAL_NVIC_SetPriorityGrouping
                0x0000000008002f3c       0x16 ./Drivers/STM32F4xx_HAL_Driver/Src/stm32f4xx_hal_cortex.o
                0x0000000008002f3c                HAL_NVIC_SetPriorityGrouping
 .text.HAL_NVIC_SetPriority
                0x0000000008002f52       0x38 ./Drivers/STM32F4xx_HAL_Driver/Src/stm32f4xx_hal_cortex.o
                0x0000000008002f52                HAL_NVIC_SetPriority
 .text.HAL_NVIC_EnableIRQ
                0x0000000008002f8a       0x1c ./Drivers/STM32F4xx_HAL_Driver/Src/stm32f4xx_hal_cortex.o
                0x0000000008002f8a                HAL_NVIC_EnableIRQ
 .text.HAL_SYSTICK_Config
                0x0000000008002fa6       0x18 ./Drivers/STM32F4xx_HAL_Driver/Src/stm32f4xx_hal_cortex.o
                0x0000000008002fa6                HAL_SYSTICK_Config
 .text.HAL_DMA_Abort
                0x0000000008002fbe       0xe0 ./Drivers/STM32F4xx_HAL_Driver/Src/stm32f4xx_hal_dma.o
                0x0000000008002fbe                HAL_DMA_Abort
 .text.HAL_DMA_Abort_IT
                0x000000000800309e       0x44 ./Drivers/STM32F4xx_HAL_Driver/Src/stm32f4xx_hal_dma.o
                0x000000000800309e                HAL_DMA_Abort_IT
 *fill*         0x00000000080030e2        0x2 
 .text.HAL_GPIO_Init
                0x00000000080030e4      0x308 ./Drivers/STM32F4xx_HAL_Driver/Src/stm32f4xx_hal_gpio.o
                0x00000000080030e4                HAL_GPIO_Init
 .text.HAL_GPIO_WritePin
                0x00000000080033ec       0x32 ./Drivers/STM32F4xx_HAL_Driver/Src/stm32f4xx_hal_gpio.o
                0x00000000080033ec                HAL_GPIO_WritePin
 *fill*         0x000000000800341e        0x2 
 .text.HAL_GPIO_EXTI_IRQHandler
                0x0000000008003420       0x30 ./Drivers/STM32F4xx_HAL_Driver/Src/stm32f4xx_hal_gpio.o
                0x0000000008003420                HAL_GPIO_EXTI_IRQHandler
 .text.HAL_RCC_OscConfig
                0x0000000008003450      0x4f0 ./Drivers/STM32F4xx_HAL_Driver/Src/stm32f4xx_hal_rcc.o
                0x0000000008003450                HAL_RCC_OscConfig
 .text.HAL_RCC_ClockConfig
                0x0000000008003940      0x1cc ./Drivers/STM32F4xx_HAL_Driver/Src/stm32f4xx_hal_rcc.o
                0x0000000008003940                HAL_RCC_ClockConfig
 .text.HAL_RCC_GetSysClockFreq
                0x0000000008003b0c      0x18c ./Drivers/STM32F4xx_HAL_Driver/Src/stm32f4xx_hal_rcc.o
                0x0000000008003b0c                HAL_RCC_GetSysClockFreq
 .text.HAL_RCC_GetHCLKFreq
                0x0000000008003c98       0x18 ./Drivers/STM32F4xx_HAL_Driver/Src/stm32f4xx_hal_rcc.o
                0x0000000008003c98                HAL_RCC_GetHCLKFreq
 .text.HAL_RCC_GetPCLK1Freq
                0x0000000008003cb0       0x28 ./Drivers/STM32F4xx_HAL_Driver/Src/stm32f4xx_hal_rcc.o
                0x0000000008003cb0                HAL_RCC_GetPCLK1Freq
 .text.HAL_RCC_GetPCLK2Freq
                0x0000000008003cd8       0x28 ./Drivers/STM32F4xx_HAL_Driver/Src/stm32f4xx_hal_rcc.o
                0x0000000008003cd8                HAL_RCC_GetPCLK2Freq
 .text.HAL_RCCEx_PeriphCLKConfig
                0x0000000008003d00      0x1dc ./Drivers/STM32F4xx_HAL_Driver/Src/stm32f4xx_hal_rcc_ex.o
                0x0000000008003d00                HAL_RCCEx_PeriphCLKConfig
 .text.HAL_RTC_Init
                0x0000000008003edc       0xec ./Drivers/STM32F4xx_HAL_Driver/Src/stm32f4xx_hal_rtc.o
                0x0000000008003edc                HAL_RTC_Init
 .text.HAL_RTC_SetTime
                0x0000000008003fc8      0x134 ./Drivers/STM32F4xx_HAL_Driver/Src/stm32f4xx_hal_rtc.o
                0x0000000008003fc8                HAL_RTC_SetTime
 .text.HAL_RTC_GetTime
                0x00000000080040fc       0xbc ./Drivers/STM32F4xx_HAL_Driver/Src/stm32f4xx_hal_rtc.o
                0x00000000080040fc                HAL_RTC_GetTime
 .text.HAL_RTC_SetDate
                0x00000000080041b8      0x108 ./Drivers/STM32F4xx_HAL_Driver/Src/stm32f4xx_hal_rtc.o
                0x00000000080041b8                HAL_RTC_SetDate
 .text.HAL_RTC_GetDate
                0x00000000080042c0       0x9e ./Drivers/STM32F4xx_HAL_Driver/Src/stm32f4xx_hal_rtc.o
                0x00000000080042c0                HAL_RTC_GetDate
 .text.HAL_RTC_WaitForSynchro
                0x000000000800435e       0x50 ./Drivers/STM32F4xx_HAL_Driver/Src/stm32f4xx_hal_rtc.o
                0x000000000800435e                HAL_RTC_WaitForSynchro
 .text.RTC_EnterInitMode
                0x00000000080043ae       0x6e ./Drivers/STM32F4xx_HAL_Driver/Src/stm32f4xx_hal_rtc.o
                0x00000000080043ae                RTC_EnterInitMode
 .text.RTC_ExitInitMode
                0x000000000800441c       0x4a ./Drivers/STM32F4xx_HAL_Driver/Src/stm32f4xx_hal_rtc.o
                0x000000000800441c                RTC_ExitInitMode
 .text.RTC_ByteToBcd2
                0x0000000008004466       0x3a ./Drivers/STM32F4xx_HAL_Driver/Src/stm32f4xx_hal_rtc.o
                0x0000000008004466                RTC_ByteToBcd2
 .text.RTC_Bcd2ToByte
                0x00000000080044a0       0x38 ./Drivers/STM32F4xx_HAL_Driver/Src/stm32f4xx_hal_rtc.o
                0x00000000080044a0                RTC_Bcd2ToByte
 .text.HAL_TIM_Base_Init
                0x00000000080044d8       0x9e ./Drivers/STM32F4xx_HAL_Driver/Src/stm32f4xx_hal_tim.o
                0x00000000080044d8                HAL_TIM_Base_Init
 *fill*         0x0000000008004576        0x2 
 .text.HAL_TIM_Base_Start_IT
                0x0000000008004578       0xc4 ./Drivers/STM32F4xx_HAL_Driver/Src/stm32f4xx_hal_tim.o
                0x0000000008004578                HAL_TIM_Base_Start_IT
 .text.HAL_TIM_Base_Stop_IT
                0x000000000800463c       0x5e ./Drivers/STM32F4xx_HAL_Driver/Src/stm32f4xx_hal_tim.o
                0x000000000800463c                HAL_TIM_Base_Stop_IT
 .text.HAL_TIM_IRQHandler
                0x000000000800469a      0x210 ./Drivers/STM32F4xx_HAL_Driver/Src/stm32f4xx_hal_tim.o
                0x000000000800469a                HAL_TIM_IRQHandler
 .text.HAL_TIM_ConfigClockSource
                0x00000000080048aa      0x18e ./Drivers/STM32F4xx_HAL_Driver/Src/stm32f4xx_hal_tim.o
                0x00000000080048aa                HAL_TIM_ConfigClockSource
 .text.HAL_TIM_OC_DelayElapsedCallback
                0x0000000008004a38       0x14 ./Drivers/STM32F4xx_HAL_Driver/Src/stm32f4xx_hal_tim.o
                0x0000000008004a38                HAL_TIM_OC_DelayElapsedCallback
 .text.HAL_TIM_IC_CaptureCallback
                0x0000000008004a4c       0x14 ./Drivers/STM32F4xx_HAL_Driver/Src/stm32f4xx_hal_tim.o
                0x0000000008004a4c                HAL_TIM_IC_CaptureCallback
 .text.HAL_TIM_PWM_PulseFinishedCallback
                0x0000000008004a60       0x14 ./Drivers/STM32F4xx_HAL_Driver/Src/stm32f4xx_hal_tim.o
                0x0000000008004a60                HAL_TIM_PWM_PulseFinishedCallback
 .text.HAL_TIM_TriggerCallback
                0x0000000008004a74       0x14 ./Drivers/STM32F4xx_HAL_Driver/Src/stm32f4xx_hal_tim.o
                0x0000000008004a74                HAL_TIM_TriggerCallback
 .text.TIM_Base_SetConfig
                0x0000000008004a88      0x100 ./Drivers/STM32F4xx_HAL_Driver/Src/stm32f4xx_hal_tim.o
                0x0000000008004a88                TIM_Base_SetConfig
 .text.TIM_TI1_ConfigInputStage
                0x0000000008004b88       0x5e ./Drivers/STM32F4xx_HAL_Driver/Src/stm32f4xx_hal_tim.o
 .text.TIM_TI2_ConfigInputStage
                0x0000000008004be6       0x60 ./Drivers/STM32F4xx_HAL_Driver/Src/stm32f4xx_hal_tim.o
 .text.TIM_ITRx_SetConfig
                0x0000000008004c46       0x36 ./Drivers/STM32F4xx_HAL_Driver/Src/stm32f4xx_hal_tim.o
 .text.TIM_ETR_SetConfig
                0x0000000008004c7c       0x40 ./Drivers/STM32F4xx_HAL_Driver/Src/stm32f4xx_hal_tim.o
                0x0000000008004c7c                TIM_ETR_SetConfig
 .text.HAL_TIMEx_MasterConfigSynchronization
                0x0000000008004cbc       0xdc ./Drivers/STM32F4xx_HAL_Driver/Src/stm32f4xx_hal_tim_ex.o
                0x0000000008004cbc                HAL_TIMEx_MasterConfigSynchronization
 .text.HAL_TIMEx_CommutCallback
                0x0000000008004d98       0x14 ./Drivers/STM32F4xx_HAL_Driver/Src/stm32f4xx_hal_tim_ex.o
                0x0000000008004d98                HAL_TIMEx_CommutCallback
 .text.HAL_TIMEx_BreakCallback
                0x0000000008004dac       0x14 ./Drivers/STM32F4xx_HAL_Driver/Src/stm32f4xx_hal_tim_ex.o
                0x0000000008004dac                HAL_TIMEx_BreakCallback
 .text.HAL_UART_Init
                0x0000000008004dc0       0x9a ./Drivers/STM32F4xx_HAL_Driver/Src/stm32f4xx_hal_uart.o
                0x0000000008004dc0                HAL_UART_Init
 .text.HAL_UART_Transmit_IT
                0x0000000008004e5a       0x8a ./Drivers/STM32F4xx_HAL_Driver/Src/stm32f4xx_hal_uart.o
                0x0000000008004e5a                HAL_UART_Transmit_IT
 .text.HAL_UART_Receive_IT
                0x0000000008004ee4       0x60 ./Drivers/STM32F4xx_HAL_Driver/Src/stm32f4xx_hal_uart.o
                0x0000000008004ee4                HAL_UART_Receive_IT
 .text.HAL_UART_AbortTransmit_IT
                0x0000000008004f44       0xe8 ./Drivers/STM32F4xx_HAL_Driver/Src/stm32f4xx_hal_uart.o
                0x0000000008004f44                HAL_UART_AbortTransmit_IT
 .text.HAL_UART_AbortReceive_IT
                0x000000000800502c      0x164 ./Drivers/STM32F4xx_HAL_Driver/Src/stm32f4xx_hal_uart.o
                0x000000000800502c                HAL_UART_AbortReceive_IT
 .text.HAL_UART_IRQHandler
                0x0000000008005190      0x51c ./Drivers/STM32F4xx_HAL_Driver/Src/stm32f4xx_hal_uart.o
                0x0000000008005190                HAL_UART_IRQHandler
 .text.HAL_UART_ErrorCallback
                0x00000000080056ac       0x14 ./Drivers/STM32F4xx_HAL_Driver/Src/stm32f4xx_hal_uart.o
                0x00000000080056ac                HAL_UART_ErrorCallback
 .text.HAL_UART_AbortTransmitCpltCallback
                0x00000000080056c0       0x14 ./Drivers/STM32F4xx_HAL_Driver/Src/stm32f4xx_hal_uart.o
                0x00000000080056c0                HAL_UART_AbortTransmitCpltCallback
 .text.HAL_UART_AbortReceiveCpltCallback
                0x00000000080056d4       0x14 ./Drivers/STM32F4xx_HAL_Driver/Src/stm32f4xx_hal_uart.o
                0x00000000080056d4                HAL_UART_AbortReceiveCpltCallback
 .text.HAL_UARTEx_RxEventCallback
                0x00000000080056e8       0x18 ./Drivers/STM32F4xx_HAL_Driver/Src/stm32f4xx_hal_uart.o
                0x00000000080056e8                HAL_UARTEx_RxEventCallback
 .text.UART_Start_Receive_IT
                0x0000000008005700       0x7c ./Drivers/STM32F4xx_HAL_Driver/Src/stm32f4xx_hal_uart.o
                0x0000000008005700                UART_Start_Receive_IT
 .text.UART_EndRxTransfer
                0x000000000800577c       0xc6 ./Drivers/STM32F4xx_HAL_Driver/Src/stm32f4xx_hal_uart.o
 .text.UART_DMAAbortOnError
                0x0000000008005842       0x28 ./Drivers/STM32F4xx_HAL_Driver/Src/stm32f4xx_hal_uart.o
 .text.UART_DMATxOnlyAbortCallback
                0x000000000800586a       0x2a ./Drivers/STM32F4xx_HAL_Driver/Src/stm32f4xx_hal_uart.o
 .text.UART_DMARxOnlyAbortCallback
                0x0000000008005894       0x30 ./Drivers/STM32F4xx_HAL_Driver/Src/stm32f4xx_hal_uart.o
 .text.UART_Transmit_IT
                0x00000000080058c4       0xa0 ./Drivers/STM32F4xx_HAL_Driver/Src/stm32f4xx_hal_uart.o
 .text.UART_EndTransmit_IT
                0x0000000008005964       0x30 ./Drivers/STM32F4xx_HAL_Driver/Src/stm32f4xx_hal_uart.o
 .text.UART_Receive_IT
                0x0000000008005994      0x176 ./Drivers/STM32F4xx_HAL_Driver/Src/stm32f4xx_hal_uart.o
 *fill*         0x0000000008005b0a        0x2 
 .text.UART_SetConfig
                0x0000000008005b0c      0x4e8 ./Drivers/STM32F4xx_HAL_Driver/Src/stm32f4xx_hal_uart.o
 .text.__assert_func
                0x0000000008005ff4       0x3c D:/STM32CubeIDE_1.12.1/STM32CubeIDE/plugins/com.st.stm32cube.ide.mcu.externaltools.gnu-tools-for-stm32.11.3.rel1.win32_1.1.100.202309141235/tools/bin/../lib/gcc/arm-none-eabi/11.3.1/../../../../arm-none-eabi/lib/thumb/v7e-m+fp/hard\libc_nano.a(libc_a-assert.o)
                0x0000000008005ff4                __assert_func
 .text.sbrk_aligned
                0x0000000008006030       0x40 D:/STM32CubeIDE_1.12.1/STM32CubeIDE/plugins/com.st.stm32cube.ide.mcu.externaltools.gnu-tools-for-stm32.11.3.rel1.win32_1.1.100.202309141235/tools/bin/../lib/gcc/arm-none-eabi/11.3.1/../../../../arm-none-eabi/lib/thumb/v7e-m+fp/hard\libc_nano.a(libc_a-mallocr.o)
 .text._malloc_r
                0x0000000008006070      0x100 D:/STM32CubeIDE_1.12.1/STM32CubeIDE/plugins/com.st.stm32cube.ide.mcu.externaltools.gnu-tools-for-stm32.11.3.rel1.win32_1.1.100.202309141235/tools/bin/../lib/gcc/arm-none-eabi/11.3.1/../../../../arm-none-eabi/lib/thumb/v7e-m+fp/hard\libc_nano.a(libc_a-mallocr.o)
                0x0000000008006070                _malloc_r
 .text.__malloc_lock
                0x0000000008006170        0xc D:/STM32CubeIDE_1.12.1/STM32CubeIDE/plugins/com.st.stm32cube.ide.mcu.externaltools.gnu-tools-for-stm32.11.3.rel1.win32_1.1.100.202309141235/tools/bin/../lib/gcc/arm-none-eabi/11.3.1/../../../../arm-none-eabi/lib/thumb/v7e-m+fp/hard\libc_nano.a(libc_a-mlock.o)
                0x0000000008006170                __malloc_lock
 .text.__malloc_unlock
                0x000000000800617c        0xc D:/STM32CubeIDE_1.12.1/STM32CubeIDE/plugins/com.st.stm32cube.ide.mcu.externaltools.gnu-tools-for-stm32.11.3.rel1.win32_1.1.100.202309141235/tools/bin/../lib/gcc/arm-none-eabi/11.3.1/../../../../arm-none-eabi/lib/thumb/v7e-m+fp/hard\libc_nano.a(libc_a-mlock.o)
                0x000000000800617c                __malloc_unlock
 .text.std      0x0000000008006188       0x6c D:/STM32CubeIDE_1.12.1/STM32CubeIDE/plugins/com.st.stm32cube.ide.mcu.externaltools.gnu-tools-for-stm32.11.3.rel1.win32_1.1.100.202309141235/tools/bin/../lib/gcc/arm-none-eabi/11.3.1/../../../../arm-none-eabi/lib/thumb/v7e-m+fp/hard\libc_nano.a(libc_a-findfp.o)
 .text.stdio_exit_handler
                0x00000000080061f4       0x18 D:/STM32CubeIDE_1.12.1/STM32CubeIDE/plugins/com.st.stm32cube.ide.mcu.externaltools.gnu-tools-for-stm32.11.3.rel1.win32_1.1.100.202309141235/tools/bin/../lib/gcc/arm-none-eabi/11.3.1/../../../../arm-none-eabi/lib/thumb/v7e-m+fp/hard\libc_nano.a(libc_a-findfp.o)
 .text.cleanup_stdio
                0x000000000800620c       0x40 D:/STM32CubeIDE_1.12.1/STM32CubeIDE/plugins/com.st.stm32cube.ide.mcu.externaltools.gnu-tools-for-stm32.11.3.rel1.win32_1.1.100.202309141235/tools/bin/../lib/gcc/arm-none-eabi/11.3.1/../../../../arm-none-eabi/lib/thumb/v7e-m+fp/hard\libc_nano.a(libc_a-findfp.o)
 .text.global_stdio_init.part.0
                0x000000000800624c       0x3c D:/STM32CubeIDE_1.12.1/STM32CubeIDE/plugins/com.st.stm32cube.ide.mcu.externaltools.gnu-tools-for-stm32.11.3.rel1.win32_1.1.100.202309141235/tools/bin/../lib/gcc/arm-none-eabi/11.3.1/../../../../arm-none-eabi/lib/thumb/v7e-m+fp/hard\libc_nano.a(libc_a-findfp.o)
 .text.__sfp_lock_acquire
                0x0000000008006288        0xc D:/STM32CubeIDE_1.12.1/STM32CubeIDE/plugins/com.st.stm32cube.ide.mcu.externaltools.gnu-tools-for-stm32.11.3.rel1.win32_1.1.100.202309141235/tools/bin/../lib/gcc/arm-none-eabi/11.3.1/../../../../arm-none-eabi/lib/thumb/v7e-m+fp/hard\libc_nano.a(libc_a-findfp.o)
                0x0000000008006288                __sfp_lock_acquire
 .text.__sfp_lock_release
                0x0000000008006294        0xc D:/STM32CubeIDE_1.12.1/STM32CubeIDE/plugins/com.st.stm32cube.ide.mcu.externaltools.gnu-tools-for-stm32.11.3.rel1.win32_1.1.100.202309141235/tools/bin/../lib/gcc/arm-none-eabi/11.3.1/../../../../arm-none-eabi/lib/thumb/v7e-m+fp/hard\libc_nano.a(libc_a-findfp.o)
                0x0000000008006294                __sfp_lock_release
 .text.__sinit  0x00000000080062a0       0x30 D:/STM32CubeIDE_1.12.1/STM32CubeIDE/plugins/com.st.stm32cube.ide.mcu.externaltools.gnu-tools-for-stm32.11.3.rel1.win32_1.1.100.202309141235/tools/bin/../lib/gcc/arm-none-eabi/11.3.1/../../../../arm-none-eabi/lib/thumb/v7e-m+fp/hard\libc_nano.a(libc_a-findfp.o)
                0x00000000080062a0                __sinit
 .text.fprintf  0x00000000080062d0       0x24 D:/STM32CubeIDE_1.12.1/STM32CubeIDE/plugins/com.st.stm32cube.ide.mcu.externaltools.gnu-tools-for-stm32.11.3.rel1.win32_1.1.100.202309141235/tools/bin/../lib/gcc/arm-none-eabi/11.3.1/../../../../arm-none-eabi/lib/thumb/v7e-m+fp/hard\libc_nano.a(libc_a-fprintf.o)
                0x00000000080062d0                fiprintf
                0x00000000080062d0                fprintf
 .text._fwalk_sglue
                0x00000000080062f4       0x3c D:/STM32CubeIDE_1.12.1/STM32CubeIDE/plugins/com.st.stm32cube.ide.mcu.externaltools.gnu-tools-for-stm32.11.3.rel1.win32_1.1.100.202309141235/tools/bin/../lib/gcc/arm-none-eabi/11.3.1/../../../../arm-none-eabi/lib/thumb/v7e-m+fp/hard\libc_nano.a(libc_a-fwalk.o)
                0x00000000080062f4                _fwalk_sglue
 .text.__sread  0x0000000008006330       0x22 D:/STM32CubeIDE_1.12.1/STM32CubeIDE/plugins/com.st.stm32cube.ide.mcu.externaltools.gnu-tools-for-stm32.11.3.rel1.win32_1.1.100.202309141235/tools/bin/../lib/gcc/arm-none-eabi/11.3.1/../../../../arm-none-eabi/lib/thumb/v7e-m+fp/hard\libc_nano.a(libc_a-stdio.o)
                0x0000000008006330                __sread
 .text.__swrite
                0x0000000008006352       0x38 D:/STM32CubeIDE_1.12.1/STM32CubeIDE/plugins/com.st.stm32cube.ide.mcu.externaltools.gnu-tools-for-stm32.11.3.rel1.win32_1.1.100.202309141235/tools/bin/../lib/gcc/arm-none-eabi/11.3.1/../../../../arm-none-eabi/lib/thumb/v7e-m+fp/hard\libc_nano.a(libc_a-stdio.o)
                0x0000000008006352                __swrite
 .text.__sseek  0x000000000800638a       0x24 D:/STM32CubeIDE_1.12.1/STM32CubeIDE/plugins/com.st.stm32cube.ide.mcu.externaltools.gnu-tools-for-stm32.11.3.rel1.win32_1.1.100.202309141235/tools/bin/../lib/gcc/arm-none-eabi/11.3.1/../../../../arm-none-eabi/lib/thumb/v7e-m+fp/hard\libc_nano.a(libc_a-stdio.o)
                0x000000000800638a                __sseek
 .text.__sclose
                0x00000000080063ae        0x8 D:/STM32CubeIDE_1.12.1/STM32CubeIDE/plugins/com.st.stm32cube.ide.mcu.externaltools.gnu-tools-for-stm32.11.3.rel1.win32_1.1.100.202309141235/tools/bin/../lib/gcc/arm-none-eabi/11.3.1/../../../../arm-none-eabi/lib/thumb/v7e-m+fp/hard\libc_nano.a(libc_a-stdio.o)
                0x00000000080063ae                __sclose
 .text.__swbuf_r
                0x00000000080063b6       0x7a D:/STM32CubeIDE_1.12.1/STM32CubeIDE/plugins/com.st.stm32cube.ide.mcu.externaltools.gnu-tools-for-stm32.11.3.rel1.win32_1.1.100.202309141235/tools/bin/../lib/gcc/arm-none-eabi/11.3.1/../../../../arm-none-eabi/lib/thumb/v7e-m+fp/hard\libc_nano.a(libc_a-wbuf.o)
                0x00000000080063b6                __swbuf_r
 .text.__swsetup_r
                0x0000000008006430       0xb0 D:/STM32CubeIDE_1.12.1/STM32CubeIDE/plugins/com.st.stm32cube.ide.mcu.externaltools.gnu-tools-for-stm32.11.3.rel1.win32_1.1.100.202309141235/tools/bin/../lib/gcc/arm-none-eabi/11.3.1/../../../../arm-none-eabi/lib/thumb/v7e-m+fp/hard\libc_nano.a(libc_a-wsetup.o)
                0x0000000008006430                __swsetup_r
 .text.memset   0x00000000080064e0       0x10 D:/STM32CubeIDE_1.12.1/STM32CubeIDE/plugins/com.st.stm32cube.ide.mcu.externaltools.gnu-tools-for-stm32.11.3.rel1.win32_1.1.100.202309141235/tools/bin/../lib/gcc/arm-none-eabi/11.3.1/../../../../arm-none-eabi/lib/thumb/v7e-m+fp/hard\libc_nano.a(libc_a-memset.o)
                0x00000000080064e0                memset
 .text._close_r
                0x00000000080064f0       0x20 D:/STM32CubeIDE_1.12.1/STM32CubeIDE/plugins/com.st.stm32cube.ide.mcu.externaltools.gnu-tools-for-stm32.11.3.rel1.win32_1.1.100.202309141235/tools/bin/../lib/gcc/arm-none-eabi/11.3.1/../../../../arm-none-eabi/lib/thumb/v7e-m+fp/hard\libc_nano.a(libc_a-closer.o)
                0x00000000080064f0                _close_r
 .text._lseek_r
                0x0000000008006510       0x24 D:/STM32CubeIDE_1.12.1/STM32CubeIDE/plugins/com.st.stm32cube.ide.mcu.externaltools.gnu-tools-for-stm32.11.3.rel1.win32_1.1.100.202309141235/tools/bin/../lib/gcc/arm-none-eabi/11.3.1/../../../../arm-none-eabi/lib/thumb/v7e-m+fp/hard\libc_nano.a(libc_a-lseekr.o)
                0x0000000008006510                _lseek_r
 .text._read_r  0x0000000008006534       0x24 D:/STM32CubeIDE_1.12.1/STM32CubeIDE/plugins/com.st.stm32cube.ide.mcu.externaltools.gnu-tools-for-stm32.11.3.rel1.win32_1.1.100.202309141235/tools/bin/../lib/gcc/arm-none-eabi/11.3.1/../../../../arm-none-eabi/lib/thumb/v7e-m+fp/hard\libc_nano.a(libc_a-readr.o)
                0x0000000008006534                _read_r
 .text._sbrk_r  0x0000000008006558       0x20 D:/STM32CubeIDE_1.12.1/STM32CubeIDE/plugins/com.st.stm32cube.ide.mcu.externaltools.gnu-tools-for-stm32.11.3.rel1.win32_1.1.100.202309141235/tools/bin/../lib/gcc/arm-none-eabi/11.3.1/../../../../arm-none-eabi/lib/thumb/v7e-m+fp/hard\libc_nano.a(libc_a-sbrkr.o)
                0x0000000008006558                _sbrk_r
 .text._write_r
                0x0000000008006578       0x24 D:/STM32CubeIDE_1.12.1/STM32CubeIDE/plugins/com.st.stm32cube.ide.mcu.externaltools.gnu-tools-for-stm32.11.3.rel1.win32_1.1.100.202309141235/tools/bin/../lib/gcc/arm-none-eabi/11.3.1/../../../../arm-none-eabi/lib/thumb/v7e-m+fp/hard\libc_nano.a(libc_a-writer.o)
                0x0000000008006578                _write_r
 .text.__errno  0x000000000800659c        0xc D:/STM32CubeIDE_1.12.1/STM32CubeIDE/plugins/com.st.stm32cube.ide.mcu.externaltools.gnu-tools-for-stm32.11.3.rel1.win32_1.1.100.202309141235/tools/bin/../lib/gcc/arm-none-eabi/11.3.1/../../../../arm-none-eabi/lib/thumb/v7e-m+fp/hard\libc_nano.a(libc_a-errno.o)
                0x000000000800659c                __errno
 .text.__libc_init_array
                0x00000000080065a8       0x48 D:/STM32CubeIDE_1.12.1/STM32CubeIDE/plugins/com.st.stm32cube.ide.mcu.externaltools.gnu-tools-for-stm32.11.3.rel1.win32_1.1.100.202309141235/tools/bin/../lib/gcc/arm-none-eabi/11.3.1/../../../../arm-none-eabi/lib/thumb/v7e-m+fp/hard\libc_nano.a(libc_a-init.o)
                0x00000000080065a8                __libc_init_array
 .text.__retarget_lock_init_recursive
                0x00000000080065f0        0x2 D:/STM32CubeIDE_1.12.1/STM32CubeIDE/plugins/com.st.stm32cube.ide.mcu.externaltools.gnu-tools-for-stm32.11.3.rel1.win32_1.1.100.202309141235/tools/bin/../lib/gcc/arm-none-eabi/11.3.1/../../../../arm-none-eabi/lib/thumb/v7e-m+fp/hard\libc_nano.a(libc_a-lock.o)
                0x00000000080065f0                __retarget_lock_init_recursive
 .text.__retarget_lock_acquire_recursive
                0x00000000080065f2        0x2 D:/STM32CubeIDE_1.12.1/STM32CubeIDE/plugins/com.st.stm32cube.ide.mcu.externaltools.gnu-tools-for-stm32.11.3.rel1.win32_1.1.100.202309141235/tools/bin/../lib/gcc/arm-none-eabi/11.3.1/../../../../arm-none-eabi/lib/thumb/v7e-m+fp/hard\libc_nano.a(libc_a-lock.o)
                0x00000000080065f2                __retarget_lock_acquire_recursive
 .text.__retarget_lock_release_recursive
                0x00000000080065f4        0x2 D:/STM32CubeIDE_1.12.1/STM32CubeIDE/plugins/com.st.stm32cube.ide.mcu.externaltools.gnu-tools-for-stm32.11.3.rel1.win32_1.1.100.202309141235/tools/bin/../lib/gcc/arm-none-eabi/11.3.1/../../../../arm-none-eabi/lib/thumb/v7e-m+fp/hard\libc_nano.a(libc_a-lock.o)
                0x00000000080065f4                __retarget_lock_release_recursive
 .text.memcpy   0x00000000080065f6       0x1c D:/STM32CubeIDE_1.12.1/STM32CubeIDE/plugins/com.st.stm32cube.ide.mcu.externaltools.gnu-tools-for-stm32.11.3.rel1.win32_1.1.100.202309141235/tools/bin/../lib/gcc/arm-none-eabi/11.3.1/../../../../arm-none-eabi/lib/thumb/v7e-m+fp/hard\libc_nano.a(libc_a-memcpy-stub.o)
                0x00000000080065f6                memcpy
 .text.abort    0x0000000008006612        0xe D:/STM32CubeIDE_1.12.1/STM32CubeIDE/plugins/com.st.stm32cube.ide.mcu.externaltools.gnu-tools-for-stm32.11.3.rel1.win32_1.1.100.202309141235/tools/bin/../lib/gcc/arm-none-eabi/11.3.1/../../../../arm-none-eabi/lib/thumb/v7e-m+fp/hard\libc_nano.a(libc_a-abort.o)
                0x0000000008006612                abort
 .text._free_r  0x0000000008006620       0x98 D:/STM32CubeIDE_1.12.1/STM32CubeIDE/plugins/com.st.stm32cube.ide.mcu.externaltools.gnu-tools-for-stm32.11.3.rel1.win32_1.1.100.202309141235/tools/bin/../lib/gcc/arm-none-eabi/11.3.1/../../../../arm-none-eabi/lib/thumb/v7e-m+fp/hard\libc_nano.a(libc_a-freer.o)
                0x0000000008006620                _free_r
 .text.__sfputc_r
                0x00000000080066b8       0x2e D:/STM32CubeIDE_1.12.1/STM32CubeIDE/plugins/com.st.stm32cube.ide.mcu.externaltools.gnu-tools-for-stm32.11.3.rel1.win32_1.1.100.202309141235/tools/bin/../lib/gcc/arm-none-eabi/11.3.1/../../../../arm-none-eabi/lib/thumb/v7e-m+fp/hard\libc_nano.a(libc_a-nano-vfprintf.o)
 .text.__sfputs_r
                0x00000000080066e6       0x24 D:/STM32CubeIDE_1.12.1/STM32CubeIDE/plugins/com.st.stm32cube.ide.mcu.externaltools.gnu-tools-for-stm32.11.3.rel1.win32_1.1.100.202309141235/tools/bin/../lib/gcc/arm-none-eabi/11.3.1/../../../../arm-none-eabi/lib/thumb/v7e-m+fp/hard\libc_nano.a(libc_a-nano-vfprintf.o)
                0x00000000080066e6                __sfputs_r
 *fill*         0x000000000800670a        0x2 
 .text._vfprintf_r
                0x000000000800670c      0x234 D:/STM32CubeIDE_1.12.1/STM32CubeIDE/plugins/com.st.stm32cube.ide.mcu.externaltools.gnu-tools-for-stm32.11.3.rel1.win32_1.1.100.202309141235/tools/bin/../lib/gcc/arm-none-eabi/11.3.1/../../../../arm-none-eabi/lib/thumb/v7e-m+fp/hard\libc_nano.a(libc_a-nano-vfprintf.o)
                0x000000000800670c                _vfprintf_r
                0x000000000800670c                _vfiprintf_r
 .text._printf_common
                0x0000000008006940       0xda D:/STM32CubeIDE_1.12.1/STM32CubeIDE/plugins/com.st.stm32cube.ide.mcu.externaltools.gnu-tools-for-stm32.11.3.rel1.win32_1.1.100.202309141235/tools/bin/../lib/gcc/arm-none-eabi/11.3.1/../../../../arm-none-eabi/lib/thumb/v7e-m+fp/hard\libc_nano.a(libc_a-nano-vfprintf_i.o)
                0x0000000008006940                _printf_common
 *fill*         0x0000000008006a1a        0x2 
 .text._printf_i
                0x0000000008006a1c      0x244 D:/STM32CubeIDE_1.12.1/STM32CubeIDE/plugins/com.st.stm32cube.ide.mcu.externaltools.gnu-tools-for-stm32.11.3.rel1.win32_1.1.100.202309141235/tools/bin/../lib/gcc/arm-none-eabi/11.3.1/../../../../arm-none-eabi/lib/thumb/v7e-m+fp/hard\libc_nano.a(libc_a-nano-vfprintf_i.o)
                0x0000000008006a1c                _printf_i
 .text.__sflush_r
                0x0000000008006c60      0x10c D:/STM32CubeIDE_1.12.1/STM32CubeIDE/plugins/com.st.stm32cube.ide.mcu.externaltools.gnu-tools-for-stm32.11.3.rel1.win32_1.1.100.202309141235/tools/bin/../lib/gcc/arm-none-eabi/11.3.1/../../../../arm-none-eabi/lib/thumb/v7e-m+fp/hard\libc_nano.a(libc_a-fflush.o)
                0x0000000008006c60                __sflush_r
 .text._fflush_r
                0x0000000008006d6c       0x50 D:/STM32CubeIDE_1.12.1/STM32CubeIDE/plugins/com.st.stm32cube.ide.mcu.externaltools.gnu-tools-for-stm32.11.3.rel1.win32_1.1.100.202309141235/tools/bin/../lib/gcc/arm-none-eabi/11.3.1/../../../../arm-none-eabi/lib/thumb/v7e-m+fp/hard\libc_nano.a(libc_a-fflush.o)
                0x0000000008006d6c                _fflush_r
 .text.__swhatbuf_r
                0x0000000008006dbc       0x4c D:/STM32CubeIDE_1.12.1/STM32CubeIDE/plugins/com.st.stm32cube.ide.mcu.externaltools.gnu-tools-for-stm32.11.3.rel1.win32_1.1.100.202309141235/tools/bin/../lib/gcc/arm-none-eabi/11.3.1/../../../../arm-none-eabi/lib/thumb/v7e-m+fp/hard\libc_nano.a(libc_a-makebuf.o)
                0x0000000008006dbc                __swhatbuf_r
 .text.__smakebuf_r
                0x0000000008006e08       0x78 D:/STM32CubeIDE_1.12.1/STM32CubeIDE/plugins/com.st.stm32cube.ide.mcu.externaltools.gnu-tools-for-stm32.11.3.rel1.win32_1.1.100.202309141235/tools/bin/../lib/gcc/arm-none-eabi/11.3.1/../../../../arm-none-eabi/lib/thumb/v7e-m+fp/hard\libc_nano.a(libc_a-makebuf.o)
                0x0000000008006e08                __smakebuf_r
 .text._raise_r
                0x0000000008006e80       0x50 D:/STM32CubeIDE_1.12.1/STM32CubeIDE/plugins/com.st.stm32cube.ide.mcu.externaltools.gnu-tools-for-stm32.11.3.rel1.win32_1.1.100.202309141235/tools/bin/../lib/gcc/arm-none-eabi/11.3.1/../../../../arm-none-eabi/lib/thumb/v7e-m+fp/hard\libc_nano.a(libc_a-signal.o)
                0x0000000008006e80                _raise_r
 .text.raise    0x0000000008006ed0       0x10 D:/STM32CubeIDE_1.12.1/STM32CubeIDE/plugins/com.st.stm32cube.ide.mcu.externaltools.gnu-tools-for-stm32.11.3.rel1.win32_1.1.100.202309141235/tools/bin/../lib/gcc/arm-none-eabi/11.3.1/../../../../arm-none-eabi/lib/thumb/v7e-m+fp/hard\libc_nano.a(libc_a-signal.o)
                0x0000000008006ed0                raise
 .text._fstat_r
                0x0000000008006ee0       0x24 D:/STM32CubeIDE_1.12.1/STM32CubeIDE/plugins/com.st.stm32cube.ide.mcu.externaltools.gnu-tools-for-stm32.11.3.rel1.win32_1.1.100.202309141235/tools/bin/../lib/gcc/arm-none-eabi/11.3.1/../../../../arm-none-eabi/lib/thumb/v7e-m+fp/hard\libc_nano.a(libc_a-fstatr.o)
                0x0000000008006ee0                _fstat_r
 .text._isatty_r
                0x0000000008006f04       0x20 D:/STM32CubeIDE_1.12.1/STM32CubeIDE/plugins/com.st.stm32cube.ide.mcu.externaltools.gnu-tools-for-stm32.11.3.rel1.win32_1.1.100.202309141235/tools/bin/../lib/gcc/arm-none-eabi/11.3.1/../../../../arm-none-eabi/lib/thumb/v7e-m+fp/hard\libc_nano.a(libc_a-isattyr.o)
                0x0000000008006f04                _isatty_r
 .text._kill_r  0x0000000008006f24       0x24 D:/STM32CubeIDE_1.12.1/STM32CubeIDE/plugins/com.st.stm32cube.ide.mcu.externaltools.gnu-tools-for-stm32.11.3.rel1.win32_1.1.100.202309141235/tools/bin/../lib/gcc/arm-none-eabi/11.3.1/../../../../arm-none-eabi/lib/thumb/v7e-m+fp/hard\libc_nano.a(libc_a-signalr.o)
                0x0000000008006f24                _kill_r
 .text._getpid_r
                0x0000000008006f48        0x4 D:/STM32CubeIDE_1.12.1/STM32CubeIDE/plugins/com.st.stm32cube.ide.mcu.externaltools.gnu-tools-for-stm32.11.3.rel1.win32_1.1.100.202309141235/tools/bin/../lib/gcc/arm-none-eabi/11.3.1/../../../../arm-none-eabi/lib/thumb/v7e-m+fp/hard\libc_nano.a(libc_a-signalr.o)
                0x0000000008006f48                _getpid_r
 *(.glue_7)
 .glue_7        0x0000000008006f4c        0x0 linker stubs
 *(.glue_7t)
 .glue_7t       0x0000000008006f4c        0x0 linker stubs
 *(.eh_frame)
 .eh_frame      0x0000000008006f4c        0x0 D:/STM32CubeIDE_1.12.1/STM32CubeIDE/plugins/com.st.stm32cube.ide.mcu.externaltools.gnu-tools-for-stm32.11.3.rel1.win32_1.1.100.202309141235/tools/bin/../lib/gcc/arm-none-eabi/11.3.1/thumb/v7e-m+fp/hard/crtbegin.o
 *(.init)
 .init          0x0000000008006f4c        0x4 D:/STM32CubeIDE_1.12.1/STM32CubeIDE/plugins/com.st.stm32cube.ide.mcu.externaltools.gnu-tools-for-stm32.11.3.rel1.win32_1.1.100.202309141235/tools/bin/../lib/gcc/arm-none-eabi/11.3.1/thumb/v7e-m+fp/hard/crti.o
                0x0000000008006f4c                _init
 .init          0x0000000008006f50        0x8 D:/STM32CubeIDE_1.12.1/STM32CubeIDE/plugins/com.st.stm32cube.ide.mcu.externaltools.gnu-tools-for-stm32.11.3.rel1.win32_1.1.100.202309141235/tools/bin/../lib/gcc/arm-none-eabi/11.3.1/thumb/v7e-m+fp/hard/crtn.o
 *(.fini)
 .fini          0x0000000008006f58        0x4 D:/STM32CubeIDE_1.12.1/STM32CubeIDE/plugins/com.st.stm32cube.ide.mcu.externaltools.gnu-tools-for-stm32.11.3.rel1.win32_1.1.100.202309141235/tools/bin/../lib/gcc/arm-none-eabi/11.3.1/thumb/v7e-m+fp/hard/crti.o
                0x0000000008006f58                _fini
 .fini          0x0000000008006f5c        0x8 D:/STM32CubeIDE_1.12.1/STM32CubeIDE/plugins/com.st.stm32cube.ide.mcu.externaltools.gnu-tools-for-stm32.11.3.rel1.win32_1.1.100.202309141235/tools/bin/../lib/gcc/arm-none-eabi/11.3.1/thumb/v7e-m+fp/hard/crtn.o
                0x0000000008006f64                . = ALIGN (0x4)
                0x0000000008006f64                _etext = .

.vfp11_veneer   0x0000000008006f64        0x0
 .vfp11_veneer  0x0000000008006f64        0x0 linker stubs

.v4_bx          0x0000000008006f64        0x0
 .v4_bx         0x0000000008006f64        0x0 linker stubs

.iplt           0x0000000008006f64        0x0
 .iplt          0x0000000008006f64        0x0 D:/STM32CubeIDE_1.12.1/STM32CubeIDE/plugins/com.st.stm32cube.ide.mcu.externaltools.gnu-tools-for-stm32.11.3.rel1.win32_1.1.100.202309141235/tools/bin/../lib/gcc/arm-none-eabi/11.3.1/thumb/v7e-m+fp/hard/crtbegin.o

.rodata         0x0000000008006f64      0x3b0
                0x0000000008006f64                . = ALIGN (0x4)
 *(.rodata)
 .rodata        0x0000000008006f64       0xd7 ./Core/Src/mbrtu.o
 *(.rodata*)
 *fill*         0x000000000800703b        0x1 
 .rodata.aucCRCHi
                0x000000000800703c      0x100 ./Core/Src/mbcrc.o
 .rodata.aucCRCLo
                0x000000000800713c      0x100 ./Core/Src/mbcrc.o
 .rodata.__func__.3
                0x000000000800723c        0xe ./Core/Src/mbrtu.o
 *fill*         0x000000000800724a        0x2 
 .rodata.__func__.2
                0x000000000800724c       0x11 ./Core/Src/mbrtu.o
 *fill*         0x000000000800725d        0x3 
 .rodata.__func__.1
                0x0000000008007260       0x12 ./Core/Src/mbrtu.o
 *fill*         0x0000000008007272        0x2 
 .rodata.__func__.0
                0x0000000008007274       0x16 ./Core/Src/mbrtu.o
 *fill*         0x000000000800728a        0x2 
 .rodata.AHBPrescTable
                0x000000000800728c       0x10 ./Core/Src/system_stm32f4xx.o
                0x000000000800728c                AHBPrescTable
 .rodata.APBPrescTable
                0x000000000800729c        0x8 ./Core/Src/system_stm32f4xx.o
                0x000000000800729c                APBPrescTable
 .rodata.__assert_func.str1.1
                0x00000000080072a4       0x3c D:/STM32CubeIDE_1.12.1/STM32CubeIDE/plugins/com.st.stm32cube.ide.mcu.externaltools.gnu-tools-for-stm32.11.3.rel1.win32_1.1.100.202309141235/tools/bin/../lib/gcc/arm-none-eabi/11.3.1/../../../../arm-none-eabi/lib/thumb/v7e-m+fp/hard\libc_nano.a(libc_a-assert.o)
                                         0x3d (size before relaxing)
 .rodata._vfprintf_r.str1.1
                0x00000000080072e0       0x11 D:/STM32CubeIDE_1.12.1/STM32CubeIDE/plugins/com.st.stm32cube.ide.mcu.externaltools.gnu-tools-for-stm32.11.3.rel1.win32_1.1.100.202309141235/tools/bin/../lib/gcc/arm-none-eabi/11.3.1/../../../../arm-none-eabi/lib/thumb/v7e-m+fp/hard\libc_nano.a(libc_a-nano-vfprintf.o)
 .rodata._printf_i.str1.1
                0x00000000080072f1       0x22 D:/STM32CubeIDE_1.12.1/STM32CubeIDE/plugins/com.st.stm32cube.ide.mcu.externaltools.gnu-tools-for-stm32.11.3.rel1.win32_1.1.100.202309141235/tools/bin/../lib/gcc/arm-none-eabi/11.3.1/../../../../arm-none-eabi/lib/thumb/v7e-m+fp/hard\libc_nano.a(libc_a-nano-vfprintf_i.o)
                0x0000000008007314                . = ALIGN (0x4)
 *fill*         0x0000000008007313        0x1 

.ARM.extab      0x0000000008007314        0x0
                0x0000000008007314                . = ALIGN (0x4)
 *(.ARM.extab* .gnu.linkonce.armextab.*)
                0x0000000008007314                . = ALIGN (0x4)

.ARM            0x0000000008007314        0x8
                0x0000000008007314                . = ALIGN (0x4)
                0x0000000008007314                __exidx_start = .
 *(.ARM.exidx*)
 .ARM.exidx     0x0000000008007314        0x8 D:/STM32CubeIDE_1.12.1/STM32CubeIDE/plugins/com.st.stm32cube.ide.mcu.externaltools.gnu-tools-for-stm32.11.3.rel1.win32_1.1.100.202309141235/tools/bin/../lib/gcc/arm-none-eabi/11.3.1/thumb/v7e-m+fp/hard\libgcc.a(_udivmoddi4.o)
                0x000000000800731c                __exidx_end = .
                0x000000000800731c                . = ALIGN (0x4)

.rel.dyn        0x000000000800731c        0x0
 .rel.iplt      0x000000000800731c        0x0 D:/STM32CubeIDE_1.12.1/STM32CubeIDE/plugins/com.st.stm32cube.ide.mcu.externaltools.gnu-tools-for-stm32.11.3.rel1.win32_1.1.100.202309141235/tools/bin/../lib/gcc/arm-none-eabi/11.3.1/thumb/v7e-m+fp/hard/crtbegin.o

.preinit_array  0x000000000800731c        0x0
                0x000000000800731c                . = ALIGN (0x4)
                0x000000000800731c                PROVIDE (__preinit_array_start = .)
 *(.preinit_array*)
                0x000000000800731c                PROVIDE (__preinit_array_end = .)
                0x000000000800731c                . = ALIGN (0x4)

.init_array     0x000000000800731c        0x4
                0x000000000800731c                . = ALIGN (0x4)
                0x000000000800731c                PROVIDE (__init_array_start = .)
 *(SORT_BY_NAME(.init_array.*))
 *(.init_array*)
 .init_array    0x000000000800731c        0x4 D:/STM32CubeIDE_1.12.1/STM32CubeIDE/plugins/com.st.stm32cube.ide.mcu.externaltools.gnu-tools-for-stm32.11.3.rel1.win32_1.1.100.202309141235/tools/bin/../lib/gcc/arm-none-eabi/11.3.1/thumb/v7e-m+fp/hard/crtbegin.o
                0x0000000008007320                PROVIDE (__init_array_end = .)
                0x0000000008007320                . = ALIGN (0x4)

.fini_array     0x0000000008007320        0x4
                0x0000000008007320                . = ALIGN (0x4)
                [!provide]                        PROVIDE (__fini_array_start = .)
 *(SORT_BY_NAME(.fini_array.*))
 *(.fini_array*)
 .fini_array    0x0000000008007320        0x4 D:/STM32CubeIDE_1.12.1/STM32CubeIDE/plugins/com.st.stm32cube.ide.mcu.externaltools.gnu-tools-for-stm32.11.3.rel1.win32_1.1.100.202309141235/tools/bin/../lib/gcc/arm-none-eabi/11.3.1/thumb/v7e-m+fp/hard/crtbegin.o
                [!provide]                        PROVIDE (__fini_array_end = .)
                0x0000000008007324                . = ALIGN (0x4)
                0x0000000008007324                _sidata = LOADADDR (.data)

.data           0x0000000020000000       0xf0 load address 0x0000000008007324
                0x0000000020000000                . = ALIGN (0x4)
                0x0000000020000000                _sdata = .
 *(.data)
 *(.data*)
 .data.usRegCoilStart
                0x0000000020000000        0x2 ./Core/Src/main.o
 .data.usRegDiscreteStart
                0x0000000020000002        0x2 ./Core/Src/main.o
 .data.usRegHoldingStart
                0x0000000020000004        0x2 ./Core/Src/main.o
 .data.eMBState
                0x0000000020000006        0x1 ./Core/Src/mb.o
 *fill*         0x0000000020000007        0x1 
 .data.xFuncHandlers
                0x0000000020000008       0x80 ./Core/Src/mb.o
 .data.SystemCoreClock
                0x0000000020000088        0x4 ./Core/Src/system_stm32f4xx.o
                0x0000000020000088                SystemCoreClock
 .data.uwTickPrio
                0x000000002000008c        0x4 ./Drivers/STM32F4xx_HAL_Driver/Src/stm32f4xx_hal.o
                0x000000002000008c                uwTickPrio
 .data.uwTickFreq
                0x0000000020000090        0x1 ./Drivers/STM32F4xx_HAL_Driver/Src/stm32f4xx_hal.o
                0x0000000020000090                uwTickFreq
 *fill*         0x0000000020000091        0x3 
 .data.__sglue  0x0000000020000094        0xc D:/STM32CubeIDE_1.12.1/STM32CubeIDE/plugins/com.st.stm32cube.ide.mcu.externaltools.gnu-tools-for-stm32.11.3.rel1.win32_1.1.100.202309141235/tools/bin/../lib/gcc/arm-none-eabi/11.3.1/../../../../arm-none-eabi/lib/thumb/v7e-m+fp/hard\libc_nano.a(libc_a-findfp.o)
                0x0000000020000094                __sglue
 .data._impure_data
                0x00000000200000a0       0x4c D:/STM32CubeIDE_1.12.1/STM32CubeIDE/plugins/com.st.stm32cube.ide.mcu.externaltools.gnu-tools-for-stm32.11.3.rel1.win32_1.1.100.202309141235/tools/bin/../lib/gcc/arm-none-eabi/11.3.1/../../../../arm-none-eabi/lib/thumb/v7e-m+fp/hard\libc_nano.a(libc_a-impure.o)
                0x00000000200000a0                _impure_data
 .data._impure_ptr
                0x00000000200000ec        0x4 D:/STM32CubeIDE_1.12.1/STM32CubeIDE/plugins/com.st.stm32cube.ide.mcu.externaltools.gnu-tools-for-stm32.11.3.rel1.win32_1.1.100.202309141235/tools/bin/../lib/gcc/arm-none-eabi/11.3.1/../../../../arm-none-eabi/lib/thumb/v7e-m+fp/hard\libc_nano.a(libc_a-impure.o)
                0x00000000200000ec                _impure_ptr
 *(.RamFunc)
 *(.RamFunc*)
                0x00000000200000f0                . = ALIGN (0x4)
                0x00000000200000f0                _edata = .

.igot.plt       0x00000000200000f0        0x0 load address 0x0000000008007414
 .igot.plt      0x00000000200000f0        0x0 D:/STM32CubeIDE_1.12.1/STM32CubeIDE/plugins/com.st.stm32cube.ide.mcu.externaltools.gnu-tools-for-stm32.11.3.rel1.win32_1.1.100.202309141235/tools/bin/../lib/gcc/arm-none-eabi/11.3.1/thumb/v7e-m+fp/hard/crtbegin.o
                0x00000000200000f0                . = ALIGN (0x4)

.bss            0x00000000200000f0      0x41c load address 0x0000000008007414
                0x00000000200000f0                _sbss = .
                0x00000000200000f0                __bss_start__ = _sbss
 *(.bss)
 .bss           0x00000000200000f0       0x1c D:/STM32CubeIDE_1.12.1/STM32CubeIDE/plugins/com.st.stm32cube.ide.mcu.externaltools.gnu-tools-for-stm32.11.3.rel1.win32_1.1.100.202309141235/tools/bin/../lib/gcc/arm-none-eabi/11.3.1/thumb/v7e-m+fp/hard/crtbegin.o
 *(.bss*)
 .bss.hrtc      0x000000002000010c       0x20 ./Core/Src/main.o
                0x000000002000010c                hrtc
 .bss.htim3     0x000000002000012c       0x48 ./Core/Src/main.o
                0x000000002000012c                htim3
 .bss.huart1    0x0000000020000174       0x44 ./Core/Src/main.o
                0x0000000020000174                huart1
 .bss.huart2    0x00000000200001b8       0x44 ./Core/Src/main.o
                0x00000000200001b8                huart2
 .bss.usRegCoilBuf
                0x00000000200001fc       0x10 ./Core/Src/main.o
 .bss.usRegDiscreteBuf
                0x000000002000020c       0x10 ./Core/Src/main.o
 .bss.usRegHoldingBuf
                0x000000002000021c        0xe ./Core/Src/main.o
 *fill*         0x000000002000022a        0x2 
 .bss.a         0x000000002000022c        0x4 ./Core/Src/main.o
                0x000000002000022c                a
 .bss.sTime     0x0000000020000230       0x14 ./Core/Src/main.o
                0x0000000020000230                sTime
 .bss.sDate     0x0000000020000244        0x4 ./Core/Src/main.o
                0x0000000020000244                sDate
 .bss.rdy_set_time
                0x0000000020000248        0x1 ./Core/Src/main.o
                0x0000000020000248                rdy_set_time
 .bss.ucMBAddress
                0x0000000020000249        0x1 ./Core/Src/mb.o
 .bss.eMBCurrentMode
                0x000000002000024a        0x1 ./Core/Src/mb.o
 *fill*         0x000000002000024b        0x1 
 .bss.peMBFrameSendCur
                0x000000002000024c        0x4 ./Core/Src/mb.o
 .bss.pvMBFrameStartCur
                0x0000000020000250        0x4 ./Core/Src/mb.o
 .bss.pvMBFrameStopCur
                0x0000000020000254        0x4 ./Core/Src/mb.o
 .bss.peMBFrameReceiveCur
                0x0000000020000258        0x4 ./Core/Src/mb.o
 .bss.pvMBFrameCloseCur
                0x000000002000025c        0x4 ./Core/Src/mb.o
 .bss.pxMBFrameCBByteReceived
                0x0000000020000260        0x4 ./Core/Src/mb.o
                0x0000000020000260                pxMBFrameCBByteReceived
 .bss.pxMBFrameCBTransmitterEmpty
                0x0000000020000264        0x4 ./Core/Src/mb.o
                0x0000000020000264                pxMBFrameCBTransmitterEmpty
 .bss.pxMBPortCBTimerExpired
                0x0000000020000268        0x4 ./Core/Src/mb.o
                0x0000000020000268                pxMBPortCBTimerExpired
 .bss.ucRcvAddress.4
                0x000000002000026c        0x1 ./Core/Src/mb.o
 *fill*         0x000000002000026d        0x3 
 .bss.ucMBFrame.3
                0x0000000020000270        0x4 ./Core/Src/mb.o
 .bss.usLength.2
                0x0000000020000274        0x2 ./Core/Src/mb.o
 .bss.ucFunctionCode.1
                0x0000000020000276        0x1 ./Core/Src/mb.o
 .bss.eException.0
                0x0000000020000277        0x1 ./Core/Src/mb.o
 .bss.ucMBSlaveID
                0x0000000020000278       0x20 ./Core/Src/mbfuncother.o
 .bss.usMBSlaveIDLen
                0x0000000020000298        0x2 ./Core/Src/mbfuncother.o
 .bss.eSndState
                0x000000002000029a        0x1 ./Core/Src/mbrtu.o
 .bss.eRcvState
                0x000000002000029b        0x1 ./Core/Src/mbrtu.o
 .bss.ucRTUBuf  0x000000002000029c      0x100 ./Core/Src/mbrtu.o
                0x000000002000029c                ucRTUBuf
 .bss.pucSndBufferCur
                0x000000002000039c        0x4 ./Core/Src/mbrtu.o
 .bss.usSndBufferCount
                0x00000000200003a0        0x2 ./Core/Src/mbrtu.o
 .bss.usRcvBufferPos
                0x00000000200003a2        0x2 ./Core/Src/mbrtu.o
 .bss.lockCounter
                0x00000000200003a4        0x4 ./Core/Src/mt_port.o
 .bss.modbusUart
                0x00000000200003a8        0x4 ./Core/Src/mt_port.o
                0x00000000200003a8                modbusUart
 .bss.modbusTimer
                0x00000000200003ac        0x4 ./Core/Src/mt_port.o
                0x00000000200003ac                modbusTimer
 .bss.eQueuedEvent
                0x00000000200003b0        0x1 ./Core/Src/portevent.o
 .bss.xEventInQueue
                0x00000000200003b1        0x1 ./Core/Src/portevent.o
 .bss.txByte    0x00000000200003b2        0x1 ./Core/Src/portserial.o
                0x00000000200003b2                txByte
 .bss.rxByte    0x00000000200003b3        0x1 ./Core/Src/portserial.o
                0x00000000200003b3                rxByte
 .bss.timerPeriod
                0x00000000200003b4        0x2 ./Core/Src/porttimer.o
                0x00000000200003b4                timerPeriod
 .bss.timerCounter
                0x00000000200003b6        0x2 ./Core/Src/porttimer.o
                0x00000000200003b6                timerCounter
 .bss.__sbrk_heap_end
                0x00000000200003b8        0x4 ./Core/Src/sysmem.o
 .bss.uwTick    0x00000000200003bc        0x4 ./Drivers/STM32F4xx_HAL_Driver/Src/stm32f4xx_hal.o
                0x00000000200003bc                uwTick
 .bss.__malloc_free_list
                0x00000000200003c0        0x4 D:/STM32CubeIDE_1.12.1/STM32CubeIDE/plugins/com.st.stm32cube.ide.mcu.externaltools.gnu-tools-for-stm32.11.3.rel1.win32_1.1.100.202309141235/tools/bin/../lib/gcc/arm-none-eabi/11.3.1/../../../../arm-none-eabi/lib/thumb/v7e-m+fp/hard\libc_nano.a(libc_a-mallocr.o)
                0x00000000200003c0                __malloc_free_list
 .bss.__malloc_sbrk_start
                0x00000000200003c4        0x4 D:/STM32CubeIDE_1.12.1/STM32CubeIDE/plugins/com.st.stm32cube.ide.mcu.externaltools.gnu-tools-for-stm32.11.3.rel1.win32_1.1.100.202309141235/tools/bin/../lib/gcc/arm-none-eabi/11.3.1/../../../../arm-none-eabi/lib/thumb/v7e-m+fp/hard\libc_nano.a(libc_a-mallocr.o)
                0x00000000200003c4                __malloc_sbrk_start
 .bss.__sf      0x00000000200003c8      0x138 D:/STM32CubeIDE_1.12.1/STM32CubeIDE/plugins/com.st.stm32cube.ide.mcu.externaltools.gnu-tools-for-stm32.11.3.rel1.win32_1.1.100.202309141235/tools/bin/../lib/gcc/arm-none-eabi/11.3.1/../../../../arm-none-eabi/lib/thumb/v7e-m+fp/hard\libc_nano.a(libc_a-findfp.o)
                0x00000000200003c8                __sf
 .bss.__stdio_exit_handler
                0x0000000020000500        0x4 D:/STM32CubeIDE_1.12.1/STM32CubeIDE/plugins/com.st.stm32cube.ide.mcu.externaltools.gnu-tools-for-stm32.11.3.rel1.win32_1.1.100.202309141235/tools/bin/../lib/gcc/arm-none-eabi/11.3.1/../../../../arm-none-eabi/lib/thumb/v7e-m+fp/hard\libc_nano.a(libc_a-findfp.o)
                0x0000000020000500                __stdio_exit_handler
 .bss.errno     0x0000000020000504        0x4 D:/STM32CubeIDE_1.12.1/STM32CubeIDE/plugins/com.st.stm32cube.ide.mcu.externaltools.gnu-tools-for-stm32.11.3.rel1.win32_1.1.100.202309141235/tools/bin/../lib/gcc/arm-none-eabi/11.3.1/../../../../arm-none-eabi/lib/thumb/v7e-m+fp/hard\libc_nano.a(libc_a-reent.o)
                0x0000000020000504                errno
 .bss.__lock___malloc_recursive_mutex
                0x0000000020000508        0x1 D:/STM32CubeIDE_1.12.1/STM32CubeIDE/plugins/com.st.stm32cube.ide.mcu.externaltools.gnu-tools-for-stm32.11.3.rel1.win32_1.1.100.202309141235/tools/bin/../lib/gcc/arm-none-eabi/11.3.1/../../../../arm-none-eabi/lib/thumb/v7e-m+fp/hard\libc_nano.a(libc_a-lock.o)
                0x0000000020000508                __lock___malloc_recursive_mutex
 .bss.__lock___sfp_recursive_mutex
                0x0000000020000509        0x1 D:/STM32CubeIDE_1.12.1/STM32CubeIDE/plugins/com.st.stm32cube.ide.mcu.externaltools.gnu-tools-for-stm32.11.3.rel1.win32_1.1.100.202309141235/tools/bin/../lib/gcc/arm-none-eabi/11.3.1/../../../../arm-none-eabi/lib/thumb/v7e-m+fp/hard\libc_nano.a(libc_a-lock.o)
                0x0000000020000509                __lock___sfp_recursive_mutex
 *(COMMON)
                0x000000002000050c                . = ALIGN (0x4)
 *fill*         0x000000002000050a        0x2 
                0x000000002000050c                _ebss = .
                0x000000002000050c                __bss_end__ = _ebss

._user_heap_stack
                0x000000002000050c      0x604 load address 0x0000000008007414
                0x0000000020000510                . = ALIGN (0x8)
 *fill*         0x000000002000050c        0x4 
                [!provide]                        PROVIDE (end = .)
                0x0000000020000510                PROVIDE (_end = .)
                0x0000000020000710                . = (. + _Min_Heap_Size)
 *fill*         0x0000000020000510      0x200 
                0x0000000020000b10                . = (. + _Min_Stack_Size)
 *fill*         0x0000000020000710      0x400 
                0x0000000020000b10                . = ALIGN (0x8)

/DISCARD/
 libc.a(*)
 libm.a(*)
 libgcc.a(*)

.ARM.attributes
                0x0000000000000000       0x30
 *(.ARM.attributes)
 .ARM.attributes
                0x0000000000000000       0x1e D:/STM32CubeIDE_1.12.1/STM32CubeIDE/plugins/com.st.stm32cube.ide.mcu.externaltools.gnu-tools-for-stm32.11.3.rel1.win32_1.1.100.202309141235/tools/bin/../lib/gcc/arm-none-eabi/11.3.1/thumb/v7e-m+fp/hard/crti.o
 .ARM.attributes
                0x000000000000001e       0x34 D:/STM32CubeIDE_1.12.1/STM32CubeIDE/plugins/com.st.stm32cube.ide.mcu.externaltools.gnu-tools-for-stm32.11.3.rel1.win32_1.1.100.202309141235/tools/bin/../lib/gcc/arm-none-eabi/11.3.1/thumb/v7e-m+fp/hard/crtbegin.o
 .ARM.attributes
                0x0000000000000052       0x34 ./Core/Src/main.o
 .ARM.attributes
                0x0000000000000086       0x34 ./Core/Src/mb.o
 .ARM.attributes
                0x00000000000000ba       0x34 ./Core/Src/mbcrc.o
 .ARM.attributes
                0x00000000000000ee       0x34 ./Core/Src/mbfunccoils.o
 .ARM.attributes
                0x0000000000000122       0x34 ./Core/Src/mbfuncdisc.o
 .ARM.attributes
                0x0000000000000156       0x34 ./Core/Src/mbfuncholding.o
 .ARM.attributes
                0x000000000000018a       0x34 ./Core/Src/mbfuncinput.o
 .ARM.attributes
                0x00000000000001be       0x34 ./Core/Src/mbfuncother.o
 .ARM.attributes
                0x00000000000001f2       0x34 ./Core/Src/mbrtu.o
 .ARM.attributes
                0x0000000000000226       0x34 ./Core/Src/mbutils.o
 .ARM.attributes
                0x000000000000025a       0x34 ./Core/Src/mt_port.o
 .ARM.attributes
                0x000000000000028e       0x34 ./Core/Src/portevent.o
 .ARM.attributes
                0x00000000000002c2       0x34 ./Core/Src/portserial.o
 .ARM.attributes
                0x00000000000002f6       0x34 ./Core/Src/porttimer.o
 .ARM.attributes
                0x000000000000032a       0x34 ./Core/Src/stm32f4xx_hal_msp.o
 .ARM.attributes
                0x000000000000035e       0x34 ./Core/Src/stm32f4xx_it.o
 .ARM.attributes
                0x0000000000000392       0x34 ./Core/Src/syscalls.o
 .ARM.attributes
                0x00000000000003c6       0x34 ./Core/Src/sysmem.o
 .ARM.attributes
                0x00000000000003fa       0x34 ./Core/Src/system_stm32f4xx.o
 .ARM.attributes
                0x000000000000042e       0x21 ./Core/Startup/startup_stm32f401ccux.o
 .ARM.attributes
                0x000000000000044f       0x34 ./Drivers/STM32F4xx_HAL_Driver/Src/stm32f4xx_hal.o
 .ARM.attributes
                0x0000000000000483       0x34 ./Drivers/STM32F4xx_HAL_Driver/Src/stm32f4xx_hal_cortex.o
 .ARM.attributes
                0x00000000000004b7       0x34 ./Drivers/STM32F4xx_HAL_Driver/Src/stm32f4xx_hal_dma.o
 .ARM.attributes
                0x00000000000004eb       0x34 ./Drivers/STM32F4xx_HAL_Driver/Src/stm32f4xx_hal_gpio.o
 .ARM.attributes
                0x000000000000051f       0x34 ./Drivers/STM32F4xx_HAL_Driver/Src/stm32f4xx_hal_rcc.o
 .ARM.attributes
                0x0000000000000553       0x34 ./Drivers/STM32F4xx_HAL_Driver/Src/stm32f4xx_hal_rcc_ex.o
 .ARM.attributes
                0x0000000000000587       0x34 ./Drivers/STM32F4xx_HAL_Driver/Src/stm32f4xx_hal_rtc.o
 .ARM.attributes
                0x00000000000005bb       0x34 ./Drivers/STM32F4xx_HAL_Driver/Src/stm32f4xx_hal_tim.o
 .ARM.attributes
                0x00000000000005ef       0x34 ./Drivers/STM32F4xx_HAL_Driver/Src/stm32f4xx_hal_tim_ex.o
 .ARM.attributes
                0x0000000000000623       0x34 ./Drivers/STM32F4xx_HAL_Driver/Src/stm32f4xx_hal_uart.o
 .ARM.attributes
                0x0000000000000657       0x34 D:/STM32CubeIDE_1.12.1/STM32CubeIDE/plugins/com.st.stm32cube.ide.mcu.externaltools.gnu-tools-for-stm32.11.3.rel1.win32_1.1.100.202309141235/tools/bin/../lib/gcc/arm-none-eabi/11.3.1/../../../../arm-none-eabi/lib/thumb/v7e-m+fp/hard\libc_nano.a(libc_a-assert.o)
 .ARM.attributes
                0x000000000000068b       0x34 D:/STM32CubeIDE_1.12.1/STM32CubeIDE/plugins/com.st.stm32cube.ide.mcu.externaltools.gnu-tools-for-stm32.11.3.rel1.win32_1.1.100.202309141235/tools/bin/../lib/gcc/arm-none-eabi/11.3.1/../../../../arm-none-eabi/lib/thumb/v7e-m+fp/hard\libc_nano.a(libc_a-mallocr.o)
 .ARM.attributes
                0x00000000000006bf       0x34 D:/STM32CubeIDE_1.12.1/STM32CubeIDE/plugins/com.st.stm32cube.ide.mcu.externaltools.gnu-tools-for-stm32.11.3.rel1.win32_1.1.100.202309141235/tools/bin/../lib/gcc/arm-none-eabi/11.3.1/../../../../arm-none-eabi/lib/thumb/v7e-m+fp/hard\libc_nano.a(libc_a-mlock.o)
 .ARM.attributes
                0x00000000000006f3       0x34 D:/STM32CubeIDE_1.12.1/STM32CubeIDE/plugins/com.st.stm32cube.ide.mcu.externaltools.gnu-tools-for-stm32.11.3.rel1.win32_1.1.100.202309141235/tools/bin/../lib/gcc/arm-none-eabi/11.3.1/../../../../arm-none-eabi/lib/thumb/v7e-m+fp/hard\libc_nano.a(libc_a-findfp.o)
 .ARM.attributes
                0x0000000000000727       0x34 D:/STM32CubeIDE_1.12.1/STM32CubeIDE/plugins/com.st.stm32cube.ide.mcu.externaltools.gnu-tools-for-stm32.11.3.rel1.win32_1.1.100.202309141235/tools/bin/../lib/gcc/arm-none-eabi/11.3.1/../../../../arm-none-eabi/lib/thumb/v7e-m+fp/hard\libc_nano.a(libc_a-fprintf.o)
 .ARM.attributes
                0x000000000000075b       0x34 D:/STM32CubeIDE_1.12.1/STM32CubeIDE/plugins/com.st.stm32cube.ide.mcu.externaltools.gnu-tools-for-stm32.11.3.rel1.win32_1.1.100.202309141235/tools/bin/../lib/gcc/arm-none-eabi/11.3.1/../../../../arm-none-eabi/lib/thumb/v7e-m+fp/hard\libc_nano.a(libc_a-fwalk.o)
 .ARM.attributes
                0x000000000000078f       0x34 D:/STM32CubeIDE_1.12.1/STM32CubeIDE/plugins/com.st.stm32cube.ide.mcu.externaltools.gnu-tools-for-stm32.11.3.rel1.win32_1.1.100.202309141235/tools/bin/../lib/gcc/arm-none-eabi/11.3.1/../../../../arm-none-eabi/lib/thumb/v7e-m+fp/hard\libc_nano.a(libc_a-stdio.o)
 .ARM.attributes
                0x00000000000007c3       0x34 D:/STM32CubeIDE_1.12.1/STM32CubeIDE/plugins/com.st.stm32cube.ide.mcu.externaltools.gnu-tools-for-stm32.11.3.rel1.win32_1.1.100.202309141235/tools/bin/../lib/gcc/arm-none-eabi/11.3.1/../../../../arm-none-eabi/lib/thumb/v7e-m+fp/hard\libc_nano.a(libc_a-wbuf.o)
 .ARM.attributes
                0x00000000000007f7       0x34 D:/STM32CubeIDE_1.12.1/STM32CubeIDE/plugins/com.st.stm32cube.ide.mcu.externaltools.gnu-tools-for-stm32.11.3.rel1.win32_1.1.100.202309141235/tools/bin/../lib/gcc/arm-none-eabi/11.3.1/../../../../arm-none-eabi/lib/thumb/v7e-m+fp/hard\libc_nano.a(libc_a-wsetup.o)
 .ARM.attributes
                0x000000000000082b       0x34 D:/STM32CubeIDE_1.12.1/STM32CubeIDE/plugins/com.st.stm32cube.ide.mcu.externaltools.gnu-tools-for-stm32.11.3.rel1.win32_1.1.100.202309141235/tools/bin/../lib/gcc/arm-none-eabi/11.3.1/../../../../arm-none-eabi/lib/thumb/v7e-m+fp/hard\libc_nano.a(libc_a-memset.o)
 .ARM.attributes
                0x000000000000085f       0x34 D:/STM32CubeIDE_1.12.1/STM32CubeIDE/plugins/com.st.stm32cube.ide.mcu.externaltools.gnu-tools-for-stm32.11.3.rel1.win32_1.1.100.202309141235/tools/bin/../lib/gcc/arm-none-eabi/11.3.1/../../../../arm-none-eabi/lib/thumb/v7e-m+fp/hard\libc_nano.a(libc_a-closer.o)
 .ARM.attributes
                0x0000000000000893       0x34 D:/STM32CubeIDE_1.12.1/STM32CubeIDE/plugins/com.st.stm32cube.ide.mcu.externaltools.gnu-tools-for-stm32.11.3.rel1.win32_1.1.100.202309141235/tools/bin/../lib/gcc/arm-none-eabi/11.3.1/../../../../arm-none-eabi/lib/thumb/v7e-m+fp/hard\libc_nano.a(libc_a-reent.o)
 .ARM.attributes
                0x00000000000008c7       0x34 D:/STM32CubeIDE_1.12.1/STM32CubeIDE/plugins/com.st.stm32cube.ide.mcu.externaltools.gnu-tools-for-stm32.11.3.rel1.win32_1.1.100.202309141235/tools/bin/../lib/gcc/arm-none-eabi/11.3.1/../../../../arm-none-eabi/lib/thumb/v7e-m+fp/hard\libc_nano.a(libc_a-impure.o)
 .ARM.attributes
                0x00000000000008fb       0x34 D:/STM32CubeIDE_1.12.1/STM32CubeIDE/plugins/com.st.stm32cube.ide.mcu.externaltools.gnu-tools-for-stm32.11.3.rel1.win32_1.1.100.202309141235/tools/bin/../lib/gcc/arm-none-eabi/11.3.1/../../../../arm-none-eabi/lib/thumb/v7e-m+fp/hard\libc_nano.a(libc_a-lseekr.o)
 .ARM.attributes
                0x000000000000092f       0x34 D:/STM32CubeIDE_1.12.1/STM32CubeIDE/plugins/com.st.stm32cube.ide.mcu.externaltools.gnu-tools-for-stm32.11.3.rel1.win32_1.1.100.202309141235/tools/bin/../lib/gcc/arm-none-eabi/11.3.1/../../../../arm-none-eabi/lib/thumb/v7e-m+fp/hard\libc_nano.a(libc_a-readr.o)
 .ARM.attributes
                0x0000000000000963       0x34 D:/STM32CubeIDE_1.12.1/STM32CubeIDE/plugins/com.st.stm32cube.ide.mcu.externaltools.gnu-tools-for-stm32.11.3.rel1.win32_1.1.100.202309141235/tools/bin/../lib/gcc/arm-none-eabi/11.3.1/../../../../arm-none-eabi/lib/thumb/v7e-m+fp/hard\libc_nano.a(libc_a-sbrkr.o)
 .ARM.attributes
                0x0000000000000997       0x34 D:/STM32CubeIDE_1.12.1/STM32CubeIDE/plugins/com.st.stm32cube.ide.mcu.externaltools.gnu-tools-for-stm32.11.3.rel1.win32_1.1.100.202309141235/tools/bin/../lib/gcc/arm-none-eabi/11.3.1/../../../../arm-none-eabi/lib/thumb/v7e-m+fp/hard\libc_nano.a(libc_a-writer.o)
 .ARM.attributes
                0x00000000000009cb       0x34 D:/STM32CubeIDE_1.12.1/STM32CubeIDE/plugins/com.st.stm32cube.ide.mcu.externaltools.gnu-tools-for-stm32.11.3.rel1.win32_1.1.100.202309141235/tools/bin/../lib/gcc/arm-none-eabi/11.3.1/../../../../arm-none-eabi/lib/thumb/v7e-m+fp/hard\libc_nano.a(libc_a-errno.o)
 .ARM.attributes
                0x00000000000009ff       0x34 D:/STM32CubeIDE_1.12.1/STM32CubeIDE/plugins/com.st.stm32cube.ide.mcu.externaltools.gnu-tools-for-stm32.11.3.rel1.win32_1.1.100.202309141235/tools/bin/../lib/gcc/arm-none-eabi/11.3.1/../../../../arm-none-eabi/lib/thumb/v7e-m+fp/hard\libc_nano.a(libc_a-init.o)
 .ARM.attributes
                0x0000000000000a33       0x34 D:/STM32CubeIDE_1.12.1/STM32CubeIDE/plugins/com.st.stm32cube.ide.mcu.externaltools.gnu-tools-for-stm32.11.3.rel1.win32_1.1.100.202309141235/tools/bin/../lib/gcc/arm-none-eabi/11.3.1/../../../../arm-none-eabi/lib/thumb/v7e-m+fp/hard\libc_nano.a(libc_a-lock.o)
 .ARM.attributes
                0x0000000000000a67       0x34 D:/STM32CubeIDE_1.12.1/STM32CubeIDE/plugins/com.st.stm32cube.ide.mcu.externaltools.gnu-tools-for-stm32.11.3.rel1.win32_1.1.100.202309141235/tools/bin/../lib/gcc/arm-none-eabi/11.3.1/../../../../arm-none-eabi/lib/thumb/v7e-m+fp/hard\libc_nano.a(libc_a-memcpy-stub.o)
 .ARM.attributes
                0x0000000000000a9b       0x34 D:/STM32CubeIDE_1.12.1/STM32CubeIDE/plugins/com.st.stm32cube.ide.mcu.externaltools.gnu-tools-for-stm32.11.3.rel1.win32_1.1.100.202309141235/tools/bin/../lib/gcc/arm-none-eabi/11.3.1/../../../../arm-none-eabi/lib/thumb/v7e-m+fp/hard\libc_nano.a(libc_a-abort.o)
 .ARM.attributes
                0x0000000000000acf       0x34 D:/STM32CubeIDE_1.12.1/STM32CubeIDE/plugins/com.st.stm32cube.ide.mcu.externaltools.gnu-tools-for-stm32.11.3.rel1.win32_1.1.100.202309141235/tools/bin/../lib/gcc/arm-none-eabi/11.3.1/../../../../arm-none-eabi/lib/thumb/v7e-m+fp/hard\libc_nano.a(libc_a-freer.o)
 .ARM.attributes
                0x0000000000000b03       0x34 D:/STM32CubeIDE_1.12.1/STM32CubeIDE/plugins/com.st.stm32cube.ide.mcu.externaltools.gnu-tools-for-stm32.11.3.rel1.win32_1.1.100.202309141235/tools/bin/../lib/gcc/arm-none-eabi/11.3.1/../../../../arm-none-eabi/lib/thumb/v7e-m+fp/hard\libc_nano.a(libc_a-nano-vfprintf.o)
 .ARM.attributes
                0x0000000000000b37       0x34 D:/STM32CubeIDE_1.12.1/STM32CubeIDE/plugins/com.st.stm32cube.ide.mcu.externaltools.gnu-tools-for-stm32.11.3.rel1.win32_1.1.100.202309141235/tools/bin/../lib/gcc/arm-none-eabi/11.3.1/../../../../arm-none-eabi/lib/thumb/v7e-m+fp/hard\libc_nano.a(libc_a-nano-vfprintf_i.o)
 .ARM.attributes
                0x0000000000000b6b       0x34 D:/STM32CubeIDE_1.12.1/STM32CubeIDE/plugins/com.st.stm32cube.ide.mcu.externaltools.gnu-tools-for-stm32.11.3.rel1.win32_1.1.100.202309141235/tools/bin/../lib/gcc/arm-none-eabi/11.3.1/../../../../arm-none-eabi/lib/thumb/v7e-m+fp/hard\libc_nano.a(libc_a-fflush.o)
 .ARM.attributes
                0x0000000000000b9f       0x34 D:/STM32CubeIDE_1.12.1/STM32CubeIDE/plugins/com.st.stm32cube.ide.mcu.externaltools.gnu-tools-for-stm32.11.3.rel1.win32_1.1.100.202309141235/tools/bin/../lib/gcc/arm-none-eabi/11.3.1/../../../../arm-none-eabi/lib/thumb/v7e-m+fp/hard\libc_nano.a(libc_a-makebuf.o)
 .ARM.attributes
                0x0000000000000bd3       0x34 D:/STM32CubeIDE_1.12.1/STM32CubeIDE/plugins/com.st.stm32cube.ide.mcu.externaltools.gnu-tools-for-stm32.11.3.rel1.win32_1.1.100.202309141235/tools/bin/../lib/gcc/arm-none-eabi/11.3.1/../../../../arm-none-eabi/lib/thumb/v7e-m+fp/hard\libc_nano.a(libc_a-signal.o)
 .ARM.attributes
                0x0000000000000c07       0x34 D:/STM32CubeIDE_1.12.1/STM32CubeIDE/plugins/com.st.stm32cube.ide.mcu.externaltools.gnu-tools-for-stm32.11.3.rel1.win32_1.1.100.202309141235/tools/bin/../lib/gcc/arm-none-eabi/11.3.1/../../../../arm-none-eabi/lib/thumb/v7e-m+fp/hard\libc_nano.a(libc_a-fstatr.o)
 .ARM.attributes
                0x0000000000000c3b       0x34 D:/STM32CubeIDE_1.12.1/STM32CubeIDE/plugins/com.st.stm32cube.ide.mcu.externaltools.gnu-tools-for-stm32.11.3.rel1.win32_1.1.100.202309141235/tools/bin/../lib/gcc/arm-none-eabi/11.3.1/../../../../arm-none-eabi/lib/thumb/v7e-m+fp/hard\libc_nano.a(libc_a-isattyr.o)
 .ARM.attributes
                0x0000000000000c6f       0x34 D:/STM32CubeIDE_1.12.1/STM32CubeIDE/plugins/com.st.stm32cube.ide.mcu.externaltools.gnu-tools-for-stm32.11.3.rel1.win32_1.1.100.202309141235/tools/bin/../lib/gcc/arm-none-eabi/11.3.1/../../../../arm-none-eabi/lib/thumb/v7e-m+fp/hard\libc_nano.a(libc_a-signalr.o)
 .ARM.attributes
                0x0000000000000ca3       0x1c D:/STM32CubeIDE_1.12.1/STM32CubeIDE/plugins/com.st.stm32cube.ide.mcu.externaltools.gnu-tools-for-stm32.11.3.rel1.win32_1.1.100.202309141235/tools/bin/../lib/gcc/arm-none-eabi/11.3.1/../../../../arm-none-eabi/lib/thumb/v7e-m+fp/hard\libc_nano.a(libc_a-memchr.o)
 .ARM.attributes
                0x0000000000000cbf       0x1e D:/STM32CubeIDE_1.12.1/STM32CubeIDE/plugins/com.st.stm32cube.ide.mcu.externaltools.gnu-tools-for-stm32.11.3.rel1.win32_1.1.100.202309141235/tools/bin/../lib/gcc/arm-none-eabi/11.3.1/thumb/v7e-m+fp/hard\libgcc.a(_arm_muldf3.o)
 .ARM.attributes
                0x0000000000000cdd       0x1e D:/STM32CubeIDE_1.12.1/STM32CubeIDE/plugins/com.st.stm32cube.ide.mcu.externaltools.gnu-tools-for-stm32.11.3.rel1.win32_1.1.100.202309141235/tools/bin/../lib/gcc/arm-none-eabi/11.3.1/thumb/v7e-m+fp/hard\libgcc.a(_arm_addsubdf3.o)
 .ARM.attributes