../Modules/iec60870/cs101/cs101_slave.c:104:1:IsClass1DataAvailable	24	static
../Modules/iec60870/cs101/cs101_slave.c:112:1:GetClass1Data	24	static
../Modules/iec60870/cs101/cs101_slave.c:126:1:GetClass2Data	24	static
../Modules/iec60870/cs101/cs101_slave.c:140:1:HandleReceivedData	32	static
../Modules/iec60870/cs101/cs101_slave.c:161:1:ResetCUReceived	24	static
../Modules/iec60870/cs101/cs101_slave.c:194:1:IsClass2DataAvailable	24	static
../Modules/iec60870/cs101/cs101_slave.c:202:1:IBalancedApplicationLayer_GetUserData	16	static
../Modules/iec60870/cs101/cs101_slave.c:213:1:IBalancedApplicationLayer_HandleReceivedData	32	static
../Modules/iec60870/cs101/cs101_slave.c:232:1:isReady	24	static
../Modules/iec60870/cs101/cs101_slave.c:243:1:sendASDU	24	static
../Modules/iec60870/cs101/cs101_slave.c:253:1:sendACT_CON	24	static
../Modules/iec60870/cs101/cs101_slave.c:262:1:sendACT_TERM	16	static
../Modules/iec60870/cs101/cs101_slave.c:271:1:getApplicationLayerParameters	24	static
../Modules/iec60870/cs101/cs101_slave.c:293:1:CS101_Slave_createEx	48	static
../Modules/iec60870/cs101/cs101_slave.c:371:1:CS101_Slave_create	32	static
../Modules/iec60870/cs101/cs101_slave.c:377:1:CS101_Slave_destroy	16	static
../Modules/iec60870/cs101/cs101_slave.c:401:1:CS101_Slave_addPlugin	16	static
../Modules/iec60870/cs101/cs101_slave.c:411:1:CS101_Slave_setDIR	16	static
../Modules/iec60870/cs101/cs101_slave.c:419:1:CS101_Slave_setIdleTimeout	16	static
../Modules/iec60870/cs101/cs101_slave.c:428:1:CS101_Slave_setLinkLayerStateChanged	24	static
../Modules/iec60870/cs101/cs101_slave.c:439:1:CS101_Slave_setLinkLayerAddress	16	static
../Modules/iec60870/cs101/cs101_slave.c:448:1:CS101_Slave_setLinkLayerAddressOtherStation	16	static
../Modules/iec60870/cs101/cs101_slave.c:455:1:CS101_Slave_isClass1QueueFull	16	static
../Modules/iec60870/cs101/cs101_slave.c:461:1:CS101_Slave_enqueueUserDataClass1	16	static
../Modules/iec60870/cs101/cs101_slave.c:468:1:CS101_Slave_isClass2QueueFull	16	static
../Modules/iec60870/cs101/cs101_slave.c:474:1:CS101_Slave_enqueueUserDataClass2	16	static
../Modules/iec60870/cs101/cs101_slave.c:480:1:CS101_Slave_flushQueues	16	static
../Modules/iec60870/cs101/cs101_slave.c:487:1:CS101_Slave_run	24	static
../Modules/iec60870/cs101/cs101_slave.c:513:1:slaveMainThread	24	static
../Modules/iec60870/cs101/cs101_slave.c:528:1:CS101_Slave_start	16	static
../Modules/iec60870/cs101/cs101_slave.c:539:1:CS101_Slave_stop	16	static
../Modules/iec60870/cs101/cs101_slave.c:553:1:CS101_Slave_getAppLayerParameters	16	static
../Modules/iec60870/cs101/cs101_slave.c:559:1:CS101_Slave_getLinkLayerParameters	16	static
../Modules/iec60870/cs101/cs101_slave.c:565:1:CS101_Slave_setResetCUHandler	24	static
../Modules/iec60870/cs101/cs101_slave.c:572:1:CS101_Slave_setInterrogationHandler	24	static
../Modules/iec60870/cs101/cs101_slave.c:579:1:CS101_Slave_setCounterInterrogationHandler	24	static
../Modules/iec60870/cs101/cs101_slave.c:586:1:CS101_Slave_setReadHandler	24	static
../Modules/iec60870/cs101/cs101_slave.c:593:1:CS101_Slave_setASDUHandler	24	static
../Modules/iec60870/cs101/cs101_slave.c:600:1:CS101_Slave_setClockSyncHandler	24	static
../Modules/iec60870/cs101/cs101_slave.c:607:1:CS101_Slave_setResetProcessHandler	24	static
../Modules/iec60870/cs101/cs101_slave.c:614:1:CS101_Slave_setDelayAcquisitionHandler	24	static
../Modules/iec60870/cs101/cs101_slave.c:621:1:responseCOTUnknown	16	static
../Modules/iec60870/cs101/cs101_slave.c:636:1:handleASDU	240	static
../Modules/iec60870/cs101/cs101_slave.c:870:1:CS101_Slave_setRawMessageHandler	24	static
