../Modules/iec60870/cs101/cs101_master.c:82:1:IBalancedApplicationLayer_GetUserData	24	static
../Modules/iec60870/cs101/cs101_master.c:98:1:IBalancedApplicationLayer_HandleReceivedData	32	static
../Modules/iec60870/cs101/cs101_master.c:128:1:IPrimaryApplicationLayer_AccessDemand	24	static
../Modules/iec60870/cs101/cs101_master.c:138:1:IPrimaryApplicationLayer_UserData	32	static
../Modules/iec60870/cs101/cs101_master.c:152:1:IPrimaryApplicationLayer_Timeout	16	static
../Modules/iec60870/cs101/cs101_master.c:169:1:CS101_Master_createEx	48	static
../Modules/iec60870/cs101/cs101_master.c:227:1:CS101_Master_create	32	static
../Modules/iec60870/cs101/cs101_master.c:233:1:CS101_Master_run	16	static
../Modules/iec60870/cs101/cs101_master.c:245:1:masterMainThread	24	static
../Modules/iec60870/cs101/cs101_master.c:260:1:CS101_Master_start	16	static
../Modules/iec60870/cs101/cs101_master.c:271:1:CS101_Master_stop	16	static
../Modules/iec60870/cs101/cs101_master.c:284:1:CS101_Master_destroy	16	static
../Modules/iec60870/cs101/cs101_master.c:304:1:CS101_Master_setDIR	16	static
../Modules/iec60870/cs101/cs101_master.c:311:1:CS101_Master_setOwnAddress	16	static
../Modules/iec60870/cs101/cs101_master.c:318:1:CS101_Master_useSlaveAddress	16	static
../Modules/iec60870/cs101/cs101_master.c:328:1:CS101_Master_getLinkLayerParameters	16	static
../Modules/iec60870/cs101/cs101_master.c:334:1:CS101_Master_getAppLayerParameters	16	static
../Modules/iec60870/cs101/cs101_master.c:341:1:CS101_Master_isChannelReady	16	static
../Modules/iec60870/cs101/cs101_master.c:350:1:CS101_Master_sendLinkLayerTestFunction	16	static
../Modules/iec60870/cs101/cs101_master.c:360:1:CS101_Master_sendInterrogationCommand	352	static
../Modules/iec60870/cs101/cs101_master.c:376:1:CS101_Master_sendCounterInterrogationCommand	352	static
../Modules/iec60870/cs101/cs101_master.c:392:1:CS101_Master_sendReadCommand	336	static
../Modules/iec60870/cs101/cs101_master.c:408:1:CS101_Master_sendClockSyncCommand	344	static
../Modules/iec60870/cs101/cs101_master.c:424:1:CS101_Master_sendTestCommand	336	static
../Modules/iec60870/cs101/cs101_master.c:440:1:CS101_Master_sendProcessCommand	328	static
../Modules/iec60870/cs101/cs101_master.c:452:1:isBroadcastAddress	16	static
../Modules/iec60870/cs101/cs101_master.c:465:1:CS101_Master_sendASDU	296	static
../Modules/iec60870/cs101/cs101_master.c:485:1:CS101_Master_addSlave	16	static
../Modules/iec60870/cs101/cs101_master.c:492:1:CS101_Master_pollSingleSlave	16	static
../Modules/iec60870/cs101/cs101_master.c:500:1:CS101_Master_setASDUReceivedHandler	24	static
../Modules/iec60870/cs101/cs101_master.c:507:1:CS101_Master_setLinkLayerStateChanged	24	static
../Modules/iec60870/cs101/cs101_master.c:518:1:CS101_Master_setRawMessageHandler	24	static
../Modules/iec60870/cs101/cs101_master.c:524:1:CS101_Master_setIdleTimeout	16	static
