../Modules/iec60870/cs104/cs104_slave.c:129:1:MessageQueue_initialize	16	static
../Modules/iec60870/cs104/cs104_slave.c:140:1:MessageQueue_create	24	static
../Modules/iec60870/cs104/cs104_slave.c:163:1:MessageQueue_destroy	16	static
../Modules/iec60870/cs104/cs104_slave.c:177:1:MessageQueue_lock	16	static
../Modules/iec60870/cs104/cs104_slave.c:185:1:MessageQueue_unlock	16	static
../Modules/iec60870/cs104/cs104_slave.c:193:1:MessageQueue_getEntryCount	24	static
../Modules/iec60870/cs104/cs104_slave.c:211:1:MessageQueue_countEntriesUntilEndOfBuffer	40	static
../Modules/iec60870/cs104/cs104_slave.c:239:1:MessageQueue_enqueueASDU	80	static
../Modules/iec60870/cs104/cs104_slave.c:330:1:MessageQueue_isAsduAvailable	24	static
../Modules/iec60870/cs104/cs104_slave.c:351:1:MessageQueue_getNextWaitingASDU	48	static
../Modules/iec60870/cs104/cs104_slave.c:393:1:MessageQueue_setWaitingForTransmissionWhenNotConfirmed	40	static
../Modules/iec60870/cs104/cs104_slave.c:432:1:MessageQueue_releaseAllQueuedASDUs	16	static
../Modules/iec60870/cs104/cs104_slave.c:449:1:removeFirstEntry	32	static
../Modules/iec60870/cs104/cs104_slave.c:474:1:MessageQueue_markAsduAsConfirmed	72	static
../Modules/iec60870/cs104/cs104_slave.c:528:1:HighPriorityASDUQueue_initialize	16	static
../Modules/iec60870/cs104/cs104_slave.c:538:1:HighPriorityASDUQueue_create	24	static
../Modules/iec60870/cs104/cs104_slave.c:559:1:HighPriorityASDUQueue_destroy	16	static
../Modules/iec60870/cs104/cs104_slave.c:574:1:HighPriorityASDUQueue_lock	16	static
../Modules/iec60870/cs104/cs104_slave.c:582:1:HighPriorityASDUQueue_unlock	16	static
../Modules/iec60870/cs104/cs104_slave.c:590:1:HighPriorityASDUQueue_isAsduAvailable	24	static
../Modules/iec60870/cs104/cs104_slave.c:611:1:HighPriorityASDUQueue_getNextASDU	24	static
../Modules/iec60870/cs104/cs104_slave.c:652:1:HighPriorityASDUQueue_isFull	32	static
../Modules/iec60870/cs104/cs104_slave.c:689:1:HighPriorityASDUQueue_enqueue	64	static
../Modules/iec60870/cs104/cs104_slave.c:761:1:HighPriorityASDUQueue_resetConnectionQueue	16	static
../Modules/iec60870/cs104/cs104_slave.c:790:1:CS104_IPAddress_setFromString	32	static
../Modules/iec60870/cs104/cs104_slave.c:831:1:CS104_IPAddress_equals	24	static
../Modules/iec60870/cs104/cs104_slave.c:865:1:CS104_RedundancyGroup_initializeMessageQueues	24	static
../Modules/iec60870/cs104/cs104_slave.c:882:1:CS104_RedundancyGroup_create	24	static
../Modules/iec60870/cs104/cs104_slave.c:902:1:CS104_RedundancyGroup_destroy	16	static
../Modules/iec60870/cs104/cs104_slave.c:919:1:CS104_RedundancyGroup_addAllowedClient	40	static
../Modules/iec60870/cs104/cs104_slave.c:929:1:CS104_RedundancyGroup_addAllowedClientEx	40	static
../Modules/iec60870/cs104/cs104_slave.c:954:1:CS104_RedundancyGroup_matches	24	static
../Modules/iec60870/cs104/cs104_slave.c:975:1:CS104_RedundancyGroup_isCatchAll	16	static
../Modules/iec60870/cs104/cs104_slave.c:1156:1:initializeMessageQueues	24	static
../Modules/iec60870/cs104/cs104_slave.c:1174:1:initializeConnectionSpecificQueues	32	static
../Modules/iec60870/cs104/cs104_slave.c:1185:1:deleteConnectionSpecificQueues	24	static
../Modules/iec60870/cs104/cs104_slave.c:1204:1:isRunning	24	static
../Modules/iec60870/cs104/cs104_slave.c:1222:1:isStarting	24	static
../Modules/iec60870/cs104/cs104_slave.c:1240:1:isStopRunningSet	24	static
../Modules/iec60870/cs104/cs104_slave.c:1261:1:createSlave	32	static
../Modules/iec60870/cs104/cs104_slave.c:1334:1:CS104_Slave_create	16	static
../Modules/iec60870/cs104/cs104_slave.c:1355:1:CS104_Slave_addPlugin	16	static
../Modules/iec60870/cs104/cs104_slave.c:1365:1:CS104_Slave_setServerMode	16	static
../Modules/iec60870/cs104/cs104_slave.c:1371:1:CS104_Slave_setLocalAddress	16	static
../Modules/iec60870/cs104/cs104_slave.c:1383:1:CS104_Slave_setLocalPort	16	static
../Modules/iec60870/cs104/cs104_slave.c:1389:1:CS104_Slave_getOpenConnections	24	static
../Modules/iec60870/cs104/cs104_slave.c:1407:1:decreaseConnectionCounter	16	static
../Modules/iec60870/cs104/cs104_slave.c:1421:1:getFreeConnection	32	static
../Modules/iec60870/cs104/cs104_slave.c:1463:1:CS104_Slave_setMaxOpenConnections	16	static
../Modules/iec60870/cs104/cs104_slave.c:1474:1:CS104_Slave_setConnectionRequestHandler	24	static
../Modules/iec60870/cs104/cs104_slave.c:1481:1:CS104_Slave_setConnectionEventHandler	24	static
../Modules/iec60870/cs104/cs104_slave.c:1491:1:CS104_Slave_activate	32	static
../Modules/iec60870/cs104/cs104_slave.c:1554:1:CS104_Slave_setInterrogationHandler	24	static
../Modules/iec60870/cs104/cs104_slave.c:1561:1:CS104_Slave_setCounterInterrogationHandler	24	static
../Modules/iec60870/cs104/cs104_slave.c:1568:1:CS104_Slave_setReadHandler	24	static
../Modules/iec60870/cs104/cs104_slave.c:1575:1:CS104_Slave_setASDUHandler	24	static
../Modules/iec60870/cs104/cs104_slave.c:1582:1:CS104_Slave_setClockSyncHandler	24	static
../Modules/iec60870/cs104/cs104_slave.c:1589:1:CS104_Slave_setRawMessageHandler	24	static
../Modules/iec60870/cs104/cs104_slave.c:1596:1:CS104_Slave_getConnectionParameters	16	static
../Modules/iec60870/cs104/cs104_slave.c:1602:1:CS104_Slave_getAppLayerParameters	16	static
../Modules/iec60870/cs104/cs104_slave.c:1612:1:printSendBuffer	24	static
../Modules/iec60870/cs104/cs104_slave.c:1644:1:readFromSocket	24	static
../Modules/iec60870/cs104/cs104_slave.c:1662:1:receiveMessage	40	static
../Modules/iec60870/cs104/cs104_slave.c:1717:1:writeToSocket	40	static
../Modules/iec60870/cs104/cs104_slave.c:1734:1:sendIMessage	32	static
../Modules/iec60870/cs104/cs104_slave.c:1770:1:isSentBufferFull	24	static
../Modules/iec60870/cs104/cs104_slave.c:1786:1:sendASDU	40	static
../Modules/iec60870/cs104/cs104_slave.c:1810:1:sendASDUInternal	328	static
../Modules/iec60870/cs104/cs104_slave.c:1858:1:responseCOTUnknown	16	static
../Modules/iec60870/cs104/cs104_slave.c:1874:1:handleASDU	248	static
../Modules/iec60870/cs104/cs104_slave.c:2132:1:checkSequenceNumber	40	static
../Modules/iec60870/cs104/cs104_slave.c:2239:1:MasterConnection_isRunning	24	static
../Modules/iec60870/cs104/cs104_slave.c:2257:1:MasterConnection_isActive	24	static
../Modules/iec60870/cs104/cs104_slave.c:2275:1:_resetT3Timeout	40	static
../Modules/iec60870/cs104/cs104_slave.c:2281:1:resetT3Timeout	24	static
../Modules/iec60870/cs104/cs104_slave.c:2295:1:checkT3Timeout	48	static
../Modules/iec60870/cs104/cs104_slave.c:2324:1:resetTestFRConTimeout	40	static
../Modules/iec60870/cs104/cs104_slave.c:2330:1:checkTestFRConTimeout	40	static
../Modules/iec60870/cs104/cs104_slave.c:2345:1:_sendSMessage	24	static
../Modules/iec60870/cs104/cs104_slave.c:2361:1:sendSMessage	16	static
../Modules/iec60870/cs104/cs104_slave.c:2375:1:handleMessage	56	static
../Modules/iec60870/cs104/cs104_slave.c:2559:1:MasterConnection_deinit	16	static
../Modules/iec60870/cs104/cs104_slave.c:2576:1:MasterConnection_destroy	16	static
../Modules/iec60870/cs104/cs104_slave.c:2601:1:sendNextLowPriorityASDU	64	static
../Modules/iec60870/cs104/cs104_slave.c:2640:1:sendNextHighPriorityASDU	48	static
../Modules/iec60870/cs104/cs104_slave.c:2684:1:sendWaitingASDUs	16	static
../Modules/iec60870/cs104/cs104_slave.c:2706:1:handleTimeouts	64	static
../Modules/iec60870/cs104/cs104_slave.c:2811:1:CS104_Slave_closeAllConnections	24	static
../Modules/iec60870/cs104/cs104_slave.c:2836:1:connectionHandlingThread	48	static
../Modules/iec60870/cs104/cs104_slave.c:2946:1:_IMasterConnection_isReady	24	static
../Modules/iec60870/cs104/cs104_slave.c:2964:1:_IMasterConnection_sendASDU	24	static
../Modules/iec60870/cs104/cs104_slave.c:2972:1:_IMasterConnection_sendACT_CON	24	static
../Modules/iec60870/cs104/cs104_slave.c:2981:1:_IMasterConnection_sendACT_TERM	16	static
../Modules/iec60870/cs104/cs104_slave.c:2990:1:_IMasterConnection_close	24	static
../Modules/iec60870/cs104/cs104_slave.c:2998:1:_IMasterConnection_getPeerAddress	96	static
../Modules/iec60870/cs104/cs104_slave.c:3020:1:_IMasterConnection_getApplicationLayerParameters	24	static
../Modules/iec60870/cs104/cs104_slave.c:3032:1:MasterConnection_create	24	static
../Modules/iec60870/cs104/cs104_slave.c:3078:1:MasterConnection_init	24	static
../Modules/iec60870/cs104/cs104_slave.c:3136:1:MasterConnection_initEx	32	static
../Modules/iec60870/cs104/cs104_slave.c:3153:1:MasterConnection_start	16	static
../Modules/iec60870/cs104/cs104_slave.c:3170:1:MasterConnection_close	16	static
../Modules/iec60870/cs104/cs104_slave.c:3184:1:MasterConnection_deactivate	16	static
../Modules/iec60870/cs104/cs104_slave.c:3204:1:MasterConnection_activate	16	static
../Modules/iec60870/cs104/cs104_slave.c:3225:1:MasterConnection_handleTcpConnection	40	static
../Modules/iec60870/cs104/cs104_slave.c:3257:1:MasterConnection_executePeriodicTasks	16	static
../Modules/iec60870/cs104/cs104_slave.c:3267:1:handleClientConnections	48	static
../Modules/iec60870/cs104/cs104_slave.c:3363:1:getPeerAddress	32	static
../Modules/iec60870/cs104/cs104_slave.c:3394:1:callConnectionRequestHandler	80	static
../Modules/iec60870/cs104/cs104_slave.c:3413:1:getMatchingRedundancyGroup	56	static
../Modules/iec60870/cs104/cs104_slave.c:3447:1:handleConnectionsThreadless	104	static
../Modules/iec60870/cs104/cs104_slave.c:3557:1:serverThread	120	static
../Modules/iec60870/cs104/cs104_slave.c:3792:1:CS104_Slave_enqueueASDU	32	static
../Modules/iec60870/cs104/cs104_slave.c:3851:1:CS104_Slave_addRedundancyGroup	16	static
../Modules/iec60870/cs104/cs104_slave.c:3867:1:initializeRedundancyGroups	40	static
../Modules/iec60870/cs104/cs104_slave.c:3889:1:CS104_Slave_start	16	static
../Modules/iec60870/cs104/cs104_slave.c:3933:1:CS104_Slave_getNumberOfQueueEntries	16	static
../Modules/iec60870/cs104/cs104_slave.c:3957:1:CS104_Slave_startThreadless	16	static
../Modules/iec60870/cs104/cs104_slave.c:4019:1:CS104_Slave_stopThreadless	16	static
../Modules/iec60870/cs104/cs104_slave.c:4038:1:CS104_Slave_tick	16	static
../Modules/iec60870/cs104/cs104_slave.c:4045:1:CS104_Slave_isRunning	16	static
../Modules/iec60870/cs104/cs104_slave.c:4051:1:CS104_Slave_stop	32	static
../Modules/iec60870/cs104/cs104_slave.c:4134:1:CS104_Slave_destroy	24	static
