../Modules/iec60870/cs104/cs104_connection.c:169:1:writeToSocket	32	static
../Modules/iec60870/cs104/cs104_connection.c:185:1:prepareSMessage	16	static
../Modules/iec60870/cs104/cs104_connection.c:194:1:sendSMessage	24	static
../Modules/iec60870/cs104/cs104_connection.c:212:1:sendIMessage	32	static
../Modules/iec60870/cs104/cs104_connection.c:245:1:createConnection	32	static
../Modules/iec60870/cs104/cs104_connection.c:293:1:CS104_Connection_create	16	static
../Modules/iec60870/cs104/cs104_connection.c:320:1:resetT3Timeout	32	static
../Modules/iec60870/cs104/cs104_connection.c:325:1:resetConnection	16	static
../Modules/iec60870/cs104/cs104_connection.c:366:1:checkSequenceNumber	32	static
../Modules/iec60870/cs104/cs104_connection.c:456:1:isSentBufferFull	24	static
../Modules/iec60870/cs104/cs104_connection.c:470:1:CS104_Connection_close	16	static
../Modules/iec60870/cs104/cs104_connection.c:492:1:CS104_Connection_destroy	16	static
../Modules/iec60870/cs104/cs104_connection.c:514:1:CS104_Connection_setLocalAddress	24	static
../Modules/iec60870/cs104/cs104_connection.c:530:1:CS104_Connection_setAPCIParameters	24	static
../Modules/iec60870/cs104/cs104_connection.c:538:1:CS104_Connection_setAppLayerParameters	24	static
../Modules/iec60870/cs104/cs104_connection.c:544:1:CS104_Connection_getAppLayerParameters	16	static
../Modules/iec60870/cs104/cs104_connection.c:550:1:CS104_Connection_setConnectTimeout	16	static
../Modules/iec60870/cs104/cs104_connection.c:556:1:CS104_Connection_getAPCIParameters	16	static
../Modules/iec60870/cs104/cs104_connection.c:565:1:readFromSocket	24	static
../Modules/iec60870/cs104/cs104_connection.c:583:1:receiveMessage	48	static
../Modules/iec60870/cs104/cs104_connection.c:645:1:checkConfirmTimeout	40	static
../Modules/iec60870/cs104/cs104_connection.c:657:1:confirmOutstandingMessages	16	static
../Modules/iec60870/cs104/cs104_connection.c:666:1:checkMessage	48	static
../Modules/iec60870/cs104/cs104_connection.c:792:1:handleTimeouts	64	static
../Modules/iec60870/cs104/cs104_connection.c:868:1:isRunning	24	static
../Modules/iec60870/cs104/cs104_connection.c:886:1:isFailure	24	static
../Modules/iec60870/cs104/cs104_connection.c:904:1:isClose	24	static
../Modules/iec60870/cs104/cs104_connection.c:923:1:handleConnection	40	static
../Modules/iec60870/cs104/cs104_connection.c:1107:1:CS104_Connection_connectAsync	16	static
../Modules/iec60870/cs104/cs104_connection.c:1135:1:CS104_Connection_connect	16	static
../Modules/iec60870/cs104/cs104_connection.c:1146:1:CS104_Connection_setASDUReceivedHandler	24	static
../Modules/iec60870/cs104/cs104_connection.c:1153:1:CS104_Connection_setConnectionHandler	24	static
../Modules/iec60870/cs104/cs104_connection.c:1160:1:CS104_Connection_setRawMessageHandler	24	static
../Modules/iec60870/cs104/cs104_connection.c:1167:1:encodeIdentificationField	24	static
../Modules/iec60870/cs104/cs104_connection.c:1185:1:encodeIOA	24	static
../Modules/iec60870/cs104/cs104_connection.c:1197:1:CS104_Connection_sendStartDT	16	static
../Modules/iec60870/cs104/cs104_connection.c:1219:1:CS104_Connection_sendStopDT	16	static
../Modules/iec60870/cs104/cs104_connection.c:1243:1:sendIMessageAndUpdateSentASDUs	32	static
../Modules/iec60870/cs104/cs104_connection.c:1270:1:sendASDUInternal	24	static
../Modules/iec60870/cs104/cs104_connection.c:1287:1:CS104_Connection_sendInterrogationCommand	40	static
../Modules/iec60870/cs104/cs104_connection.c:1302:1:CS104_Connection_sendCounterInterrogationCommand	40	static
../Modules/iec60870/cs104/cs104_connection.c:1317:1:CS104_Connection_sendReadCommand	40	static
../Modules/iec60870/cs104/cs104_connection.c:1329:1:CS104_Connection_sendClockSyncCommand	40	static
../Modules/iec60870/cs104/cs104_connection.c:1343:1:CS104_Connection_sendTestCommand	32	static
../Modules/iec60870/cs104/cs104_connection.c:1358:1:CS104_Connection_sendTestCommandWithTimestamp	56	static
../Modules/iec60870/cs104/cs104_connection.c:1368:1:CS104_Connection_sendProcessCommand	40	static
../Modules/iec60870/cs104/cs104_connection.c:1383:1:CS104_Connection_sendProcessCommandEx	40	static
../Modules/iec60870/cs104/cs104_connection.c:1397:1:CS104_Connection_sendASDU	24	static
../Modules/iec60870/cs104/cs104_connection.c:1407:1:CS104_Connection_isTransmitBufferFull	16	static
