../Core/Src/Iec104.c:57:9:IEC104_UploadAddr	48	static
../Core/Src/Iec104.c:108:9:IEC104_Build_InitFin	48	static
../Core/Src/Iec104.c:156:9:IEC104_BuildCallACK	56	static
../Core/Src/Iec104.c:201:9:IEC104_BuildSignal_Spon	64	static
../Core/Src/Iec104.c:266:9:IEC104_BuildDetect_Spont	64	static
../Core/Src/Iec104.c:332:9:IEC104_BuildDetectF_Spont	64	static
../Core/Src/Iec104.c:397:9:IEC104_BuildSignal	64	static
../Core/Src/Iec104.c:460:9:IEC104_BuildDetect	72	static
../Core/Src/Iec104.c:535:9:IEC104_BuildUpload	72	static
../Core/Src/Iec104.c:592:9:IEC104_BuildActFinish	56	static
../Core/Src/Iec104.c:638:9:IEC104_Build_U	40	static
../Core/Src/Iec104.c:693:9:IEC104_Build_S_Ack	40	static
../Core/Src/Iec104.c:724:9:IEC104_ASDU_Call	32	static
../Core/Src/Iec104.c:776:9:Iec104_Aadu_Clock	64	static
../Core/Src/Iec104.c:808:9:IEC104_ASDU_SetAct	56	static
../Core/Src/Iec104.c:891:9:IEC104_Build_SetAck	56	static
../Core/Src/Iec104.c:929:9:Iec104_Deal_SN	24	static
../Core/Src/Iec104.c:972:8:Iec104_BuildDataAck	64	static
../Core/Src/Iec104.c:1024:8:Iec104_Deal_FirmUpdate	72	static
../Core/Src/Iec104.c:1157:6:Iec104_Tester_Timer	4	static
../Core/Src/Iec104.c:1163:9:Iec104_Deal_I	40	static
../Core/Src/Iec104.c:1224:9:Iec104_Deal_S	16	static
../Core/Src/Iec104.c:1229:9:Iec104_Deal_U	16	static
../Core/Src/Iec104.c:1271:6:Iex104_Receive	32	static
../Core/Src/Iec104.c:1327:6:Iec104_ResetFlag	4	static
../Core/Src/Iec104.c:1344:9:Iec104_StateMachine	8	static
