../Core/Src/Iec10x.c:23:6:Iec10x_Lock	8	static
../Core/Src/Iec10x.c:30:6:Iec10x_UnLock	8	static
../Core/Src/Iec10x.c:37:6:IEC10X_InitQ	16	static
../Core/Src/Iec10x.c:44:6:IEC10X_ClearQ	16	static
../Core/Src/Iec10x.c:52:9:IEC10X_GetPrio	24	static
../Core/Src/Iec10x.c:61:6:IEC10X_Enqueue	48	static
../Core/Src/Iec10x.c:101:20:IEC10X_Dequeue	16	static
../Core/Src/Iec10x.c:116:20:IEC10X_FindQHead	16	static
../Core/Src/Iec10x.c:128:6:Iec10x_Scheduled	24	static
../Core/Src/Iec10x.c:157:9:RegisterIEC10XMoudle	24	static
