../Core/Src/Iec101.c:27:9:IEC10X_RetStatusOk	32	static
../Core/Src/Iec101.c:52:16:IEC10X_ResConfirm	32	static
../Core/Src/Iec101.c:78:9:IEC10X_ReqLinkStatus	24	static
../Core/Src/Iec101.c:109:9:IEC10X_ResetLink	24	static
../Core/Src/Iec101.c:138:9:IEC101_BuildFinInit	32	static
../Core/Src/Iec101.c:188:9:IEC101_BuildActConfirm	40	static
../Core/Src/Iec101.c:240:9:IEC101_BuildActFinish	40	static
../Core/Src/Iec101.c:293:9:IEC101_BuildSignal	48	static
../Core/Src/Iec101.c:358:9:IEC101_BuildDetect	64	static
../Core/Src/Iec101.c:437:9:IEC101_BuildSignal_Spont	56	static
../Core/Src/Iec101.c:513:9:IEC101_BuildDetect_Spont	56	static
../Core/Src/Iec101.c:591:9:IEC101_BuildDetectF_Spont	56	static
../Core/Src/Iec101.c:669:9:IEC101_BuildDelayAct	56	static
../Core/Src/Iec101.c:730:9:IEC101_BuildClockAct	48	static
../Core/Src/Iec101.c:793:9:IEC10X_ASDU_CALL_Qoi	16	static
../Core/Src/Iec101.c:827:9:IEC10X_ASDU_Call	32	static
../Core/Src/Iec101.c:870:9:IEC10X_ASDU_Delay	32	static
../Core/Src/Iec101.c:900:9:IEC10X_ASDU_CLOCK	64	static
../Core/Src/Iec101.c:937:9:Iec10x_Deal_10	32	static
../Core/Src/Iec101.c:1017:9:Iec10x_Deal_68	32	static
../Core/Src/Iec101.c:1089:6:Iex101_main	24	static
../Core/Src/Iec101.c:1133:9:Iec101_StateMachine	8	static
