../Core/Src/main.c:108:5:main	24	static
../Core/Src/main.c:179:6:SystemClock_Config	88	static
../Core/Src/main.c:226:13:MX_RTC_Init	32	static
../Core/Src/main.c:289:13:MX_TIM3_Init	32	static
../Core/Src/main.c:334:13:MX_USART1_UART_Init	8	static
../Core/Src/main.c:367:13:MX_USART2_UART_Init	8	static
../Core/Src/main.c:400:13:MX_GPIO_Init	48	static
../Core/Src/main.c:455:6:HAL_GPIO_EXTI_Callback	16	static
../Core/Src/main.c:469:14:eMBRegInputCB	16	static
../Core/Src/main.c:477:14:eMBRegHoldingCB	40	static
../Core/Src/main.c:551:14:eMBRegCoilsCB	32	static
../Core/Src/main.c:597:14:eMBRegDiscreteCB	24	static
../Core/Src/main.c:634:6:Error_Handler	4	static,ignoring_inline_asm
