../Core/Src/main.c:109:5:main	24	static
../Core/Src/main.c:174:6:SystemClock_Config	88	static
../Core/Src/main.c:221:13:MX_RTC_Init	32	static
../Core/Src/main.c:284:13:MX_TIM3_Init	32	static
../Core/Src/main.c:329:13:MX_USART1_UART_Init	8	static
../Core/Src/main.c:362:13:MX_USART2_UART_Init	8	static
../Core/Src/main.c:395:13:MX_GPIO_Init	48	static
../Core/Src/main.c:450:6:HAL_GPIO_EXTI_Callback	16	static
../Core/Src/main.c:457:14:eMBRegInputCB	16	static
../Core/Src/main.c:465:14:eMBRegHoldingCB	40	static
../Core/Src/main.c:539:14:eMBRegCoilsCB	40	static
../Core/Src/main.c:580:14:eMBRegDiscreteCB	32	static
../Core/Src/main.c:612:6:Error_Handler	4	static,ignoring_inline_asm
